{
  "width": 42,
  "height": 29,
  "start": {
    "x": 21,
    "y": 10
  },
  "finish": {
    "x": 20,
    "y": 14
  },
  "checkpoints": [
    {
      "sequenceNumber": 0,
      "x": 6,
      "y": 19
    },
    {
      "sequenceNumber": 1,
      "x": 19,
      "y": 27
    }
  ],
  "teleportIns": {
    "0": {
      "sequenceNumber": 0,
      "x": 30,
      "y": 0
    },
    "1": {
      "sequenceNumber": 1,
      "x": 7,
      "y": 23
    }
  },
  "teleportOuts": {
    "0": {
      "sequenceNumber": 0,
      "x": 0,
      "y": 9
    },
    "1": {
      "sequenceNumber": 1,
      "x": 22,
      "y": 19
    }
  },
  "rocks": [
    {
      "x": 12,
      "y": 21,
      "width": 2,
      "height": 4
    },
    {
      "x": 14,
      "y": 0,
      "width": 4,
      "height": 2
    },
    {
      "x": 34,
      "y": 26,
      "width": 4,
      "height": 2
    },
    {
      "x": 17,
      "y": 26,
      "width": 4,
      "height": 2
    },
    {
      "x": 20,
      "y": 6,
      "width": 2,
      "height": 4
    },
    {
      "x": 8,
      "y": 25,
      "width": 4,
      "height": 2
    },
    {
      "x": 24,
      "y": 13,
      "width": 2,
      "height": 4
    },
    {
      "x": 14,
      "y": 2,
      "width": 2,
      "height": 4
    },
    {
      "x": 8,
      "y": 8,
      "width": 4,
      "height": 2
    },
    {
      "x": 23,
      "y": 25,
      "width": 2,
      "height": 4
    },
    {
      "x": 6,
      "y": 8,
      "width": 2,
      "height": 4
    },
    {
      "x": 1,
      "y": 25,
      "width": 4,
      "height": 2
    },
    {
      "x": 25,
      "y": 21,
      "width": 2,
      "height": 4
    },
    {
      "x": 29,
      "y": 5,
      "width": 2,
      "height": 4
    },
    {
      "x": 29,
      "y": 13,
      "width": 2,
      "height": 4
    },
    {
      "x": 28,
      "y": 12,
      "width": 4,
      "height": 2
    },
    {
      "x": 20,
      "y": 21,
      "width": 4,
      "height": 2
    },
    {
      "x": 26,
      "y": 1,
      "width": 2,
      "height": 4
    },
    {
      "x": 8,
      "y": 18,
      "width": 2,
      "height": 4
    },
    {
      "x": 10,
      "y": 25,
      "width": 2,
      "height": 4
    },
    {
      "x": 31,
      "y": 23,
      "width": 2,
      "height": 4
    },
    {
      "x": 20,
      "y": 21,
      "width": 4,
      "height": 2
    },
    {
      "x": 15,
      "y": 10,
      "width": 4,
      "height": 2
    },
    {
      "x": 7,
      "y": 0,
      "width": 2,
      "height": 4
    },
    {
      "x": 40,
      "y": 17,
      "width": 2,
      "height": 4
    },
    {
      "x": 19,
      "y": 23,
      "width": 2,
      "height": 4
    },
    {
      "x": 13,
      "y": 13,
      "width": 2,
      "height": 4
    },
    {
      "x": 16,
      "y": 9,
      "width": 2,
      "height": 4
    },
    {
      "x": 4,
      "y": 16,
      "width": 4,
      "height": 2
    },
    {
      "x": 28,
      "y": 12,
      "width": 2,
      "height": 4
    },
    {
      "x": 1,
      "y": 25,
      "width": 4,
      "height": 2
    },
    {
      "x": 40,
      "y": 15,
      "width": 2,
      "height": 4
    },
    {
      "x": 14,
      "y": 12,
      "width": 2,
      "height": 4
    },
    {
      "x": 11,
      "y": 10,
      "width": 2,
      "height": 4
    },
    {
      "x": 34,
      "y": 6,
      "width": 2,
      "height": 4
    },
    {
      "x": 11,
      "y": 26,
      "width": 4,
      "height": 2
    },
    {
      "x": 11,
      "y": 2,
      "width": 4,
      "height": 2
    },
    {
      "x": 32,
      "y": 13,
      "width": 4,
      "height": 2
    },
    {
      "x": 35,
      "y": 17,
      "width": 4,
      "height": 2
    },
    {
      "x": 20,
      "y": 13,
      "width": 4,
      "height": 2
    },
    {
      "x": 11,
      "y": 16,
      "width": 4,
      "height": 2
    },
    {
      "x": 36,
      "y": 19,
      "width": 2,
      "height": 4
    },
    {
      "x": 38,
      "y": 15,
      "width": 2,
      "height": 4
    },
    {
      "x": 4,
      "y": 15,
      "width": 2,
      "height": 4
    }
  ]
}