{
  "width": 28,
  "height": 25,
  "start": {
    "x": 15,
    "y": 19
  },
  "finish": {
    "x": 14,
    "y": 13
  },
  "checkpoints": [
    {
      "sequenceNumber": 0,
      "x": 0,
      "y": 22
    },
    {
      "sequenceNumber": 1,
      "x": 6,
      "y": 12
    }
  ],
  "rocks": [
    {
      "x": 8,
      "y": 11,
      "width": 2,
      "height": 4
    },
    {
      "x": 11,
      "y": 6,
      "width": 4,
      "height": 2
    },
    {
      "x": 20,
      "y": 17,
      "width": 4,
      "height": 2
    },
    {
      "x": 7,
      "y": 4,
      "width": 4,
      "height": 2
    },
    {
      "x": 7,
      "y": 13,
      "width": 2,
      "height": 4
    },
    {
      "x": 22,
      "y": 12,
      "width": 4,
      "height": 2
    },
    {
      "x": 26,
      "y": 19,
      "width": 2,
      "height": 4
    },
    {
      "x": 0,
      "y": 1,
      "width": 4,
      "height": 2
    },
    {
      "x": 23,
      "y": 6,
      "width": 2,
      "height": 4
    },
    {
      "x": 2,
      "y": 13,
      "width": 4,
      "height": 2
    },
    {
      "x": 4,
      "y": 0,
      "width": 4,
      "height": 2
    },
    {
      "x": 12,
      "y": 10,
      "width": 4,
      "height": 2
    }
  ]
}