{
  "width": 17,
  "height": 44,
  "start": {
    "x": 6,
    "y": 23
  },
  "finish": {
    "x": 14,
    "y": 11
  },
  "teleportIns": {
    "0": {
      "sequenceNumber": 0,
      "x": 10,
      "y": 36
    }
  },
  "teleportOuts": {
    "0": {
      "sequenceNumber": 0,
      "x": 2,
      "y": 29
    }
  },
  "rocks": [
    {
      "x": 0,
      "y": 33,
      "width": 2,
      "height": 4
    },
    {
      "x": 9,
      "y": 34,
      "width": 4,
      "height": 2
    },
    {
      "x": 6,
      "y": 25,
      "width": 4,
      "height": 2
    },
    {
      "x": 5,
      "y": 12,
      "width": 4,
      "height": 2
    },
    {
      "x": 7,
      "y": 7,
      "width": 4,
      "height": 2
    },
    {
      "x": 4,
      "y": 16,
      "width": 4,
      "height": 2
    },
    {
      "x": 1,
      "y": 15,
      "width": 4,
      "height": 2
    },
    {
      "x": 4,
      "y": 14,
      "width": 4,
      "height": 2
    },
    {
      "x": 15,
      "y": 27,
      "width": 2,
      "height": 4
    },
    {
      "x": 13,
      "y": 4,
      "width": 2,
      "height": 4
    },
    {
      "x": 8,
      "y": 30,
      "width": 4,
      "height": 2
    },
    {
      "x": 3,
      "y": 23,
      "width": 4,
      "height": 2
    },
    {
      "x": 2,
      "y": 40,
      "width": 2,
      "height": 4
    },
    {
      "x": 11,
      "y": 27,
      "width": 2,
      "height": 4
    },
    {
      "x": 6,
      "y": 40,
      "width": 2,
      "height": 4
    },
    {
      "x": 10,
      "y": 5,
      "width": 2,
      "height": 4
    },
    {
      "x": 10,
      "y": 13,
      "width": 4,
      "height": 2
    },
    {
      "x": 5,
      "y": 6,
      "width": 2,
      "height": 4
    },
    {
      "x": 10,
      "y": 14,
      "width": 2,
      "height": 4
    },
    {
      "x": 10,
      "y": 31,
      "width": 4,
      "height": 2
    },
    {
      "x": 9,
      "y": 34,
      "width": 2,
      "height": 4
    },
    {
      "x": 4,
      "y": 18,
      "width": 2,
      "height": 4
    },
    {
      "x": 13,
      "y": 21,
      "width": 4,
      "height": 2
    },
    {
      "x": 9,
      "y": 32,
      "width": 4,
      "height": 2
    },
    {
      "x": 0,
      "y": 14,
      "width": 2,
      "height": 4
    },
    {
      "x": 8,
      "y": 14,
      "width": 2,
      "height": 4
    },
    {
      "x": 0,
      "y": 20,
      "width": 2,
      "height": 4
    },
    {
      "x": 8,
      "y": 17,
      "width": 2,
      "height": 4
    },
    {
      "x": 6,
      "y": 18,
      "width": 2,
      "height": 4
    },
    {
      "x": 6,
      "y": 41,
      "width": 4,
      "height": 2
    },
    {
      "x": 1,
      "y": 36,
      "width": 2,
      "height": 4
    },
    {
      "x": 12,
      "y": 20,
      "width": 2,
      "height": 4
    },
    {
      "x": 2,
      "y": 14,
      "width": 4,
      "height": 2
    },
    {
      "x": 0,
      "y": 3,
      "width": 4,
      "height": 2
    },
    {
      "x": 7,
      "y": 12,
      "width": 4,
      "height": 2
    },
    {
      "x": 1,
      "y": 30,
      "width": 4,
      "height": 2
    },
    {
      "x": 11,
      "y": 5,
      "width": 4,
      "height": 2
    }
  ]
}