{
  "width": 36,
  "height": 10,
  "start": {
    "x": 34,
    "y": 0
  },
  "finish": {
    "x": 3,
    "y": 8
  },
  "checkpoints": [
    {
      "sequenceNumber": 0,
      "x": 32,
      "y": 1
    },
    {
      "sequenceNumber": 1,
      "x": 2,
      "y": 5
    },
    {
      "sequenceNumber": 2,
      "x": 13,
      "y": 2
    }
  ],
  "rocks": [
    {
      "x": 5,
      "y": 3,
      "width": 4,
      "height": 2
    },
    {
      "x": 26,
      "y": 1,
      "width": 4,
      "height": 2
    },
    {
      "x": 5,
      "y": 5,
      "width": 4,
      "height": 2
    },
    {
      "x": 15,
      "y": 3,
      "width": 2,
      "height": 4
    },
    {
      "x": 12,
      "y": 1,
      "width": 2,
      "height": 4
    },
    {
      "x": 28,
      "y": 0,
      "width": 2,
      "height": 4
    },
    {
      "x": 31,
      "y": 1,
      "width": 2,
      "height": 4
    },
    {
      "x": 0,
      "y": 6,
      "width": 2,
      "height": 4
    },
    {
      "x": 2,
      "y": 2,
      "width": 2,
      "height": 4
    },
    {
      "x": 9,
      "y": 5,
      "width": 2,
      "height": 4
    },
    {
      "x": 4,
      "y": 0,
      "width": 4,
      "height": 2
    },
    {
      "x": 27,
      "y": 6,
      "width": 2,
      "height": 4
    }
  ]
}