{
  "width": 10,
  "height": 34,
  "start": {
    "x": 6,
    "y": 30
  },
  "finish": {
    "x": 2,
    "y": 24
  },
  "checkpoints": [
    {
      "sequenceNumber": 0,
      "x": 6,
      "y": 12
    },
    {
      "sequenceNumber": 1,
      "x": 4,
      "y": 20
    }
  ],
  "rocks": [
    {
      "x": 1,
      "y": 30,
      "width": 4,
      "height": 2
    },
    {
      "x": 1,
      "y": 29,
      "width": 4,
      "height": 2
    },
    {
      "x": 0,
      "y": 17,
      "width": 4,
      "height": 2
    },
    {
      "x": 0,
      "y": 19,
      "width": 2,
      "height": 4
    },
    {
      "x": 7,
      "y": 19,
      "width": 2,
      "height": 4
    },
    {
      "x": 7,
      "y": 28,
      "width": 2,
      "height": 4
    },
    {
      "x": 5,
      "y": 23,
      "width": 4,
      "height": 2
    },
    {
      "x": 3,
      "y": 5,
      "width": 2,
      "height": 4
    },
    {
      "x": 3,
      "y": 3,
      "width": 4,
      "height": 2
    },
    {
      "x": 5,
      "y": 7,
      "width": 2,
      "height": 4
    },
    {
      "x": 3,
      "y": 13,
      "width": 4,
      "height": 2
    },
    {
      "x": 0,
      "y": 31,
      "width": 4,
      "height": 2
    },
    {
      "x": 6,
      "y": 2,
      "width": 2,
      "height": 4
    },
    {
      "x": 5,
      "y": 16,
      "width": 4,
      "height": 2
    },
    {
      "x": 2,
      "y": 22,
      "width": 4,
      "height": 2
    },
    {
      "x": 2,
      "y": 29,
      "width": 2,
      "height": 4
    }
  ]
}