{
  "width": 44,
  "height": 46,
  "start": {
    "x": 25,
    "y": 26
  },
  "finish": {
    "x": 1,
    "y": 24
  },
  "checkpoints": [
    {
      "sequenceNumber": 0,
      "x": 4,
      "y": 7
    },
    {
      "sequenceNumber": 1,
      "x": 9,
      "y": 5
    }
  ],
  "teleportIns": {
    "0": {
      "sequenceNumber": 0,
      "x": 6,
      "y": 20
    }
  },
  "teleportOuts": {
    "0": {
      "sequenceNumber": 0,
      "x": 38,
      "y": 36
    }
  },
  "rocks": [
    {
      "x": 6,
      "y": 28,
      "width": 4,
      "height": 2
    },
    {
      "x": 1,
      "y": 1,
      "width": 2,
      "height": 4
    },
    {
      "x": 15,
      "y": 31,
      "width": 4,
      "height": 2
    },
    {
      "x": 27,
      "y": 4,
      "width": 4,
      "height": 2
    },
    {
      "x": 3,
      "y": 25,
      "width": 4,
      "height": 2
    },
    {
      "x": 3,
      "y": 17,
      "width": 2,
      "height": 4
    },
    {
      "x": 15,
      "y": 6,
      "width": 4,
      "height": 2
    },
    {
      "x": 26,
      "y": 16,
      "width": 2,
      "height": 4
    },
    {
      "x": 20,
      "y": 8,
      "width": 4,
      "height": 2
    },
    {
      "x": 7,
      "y": 10,
      "width": 2,
      "height": 4
    },
    {
      "x": 0,
      "y": 1,
      "width": 4,
      "height": 2
    },
    {
      "x": 3,
      "y": 5,
      "width": 2,
      "height": 4
    },
    {
      "x": 38,
      "y": 42,
      "width": 4,
      "height": 2
    },
    {
      "x": 22,
      "y": 1,
      "width": 2,
      "height": 4
    },
    {
      "x": 16,
      "y": 9,
      "width": 2,
      "height": 4
    },
    {
      "x": 25,
      "y": 14,
      "width": 4,
      "height": 2
    },
    {
      "x": 38,
      "y": 15,
      "width": 2,
      "height": 4
    },
    {
      "x": 9,
      "y": 10,
      "width": 4,
      "height": 2
    },
    {
      "x": 21,
      "y": 27,
      "width": 4,
      "height": 2
    },
    {
      "x": 38,
      "y": 35,
      "width": 4,
      "height": 2
    },
    {
      "x": 13,
      "y": 8,
      "width": 2,
      "height": 4
    },
    {
      "x": 17,
      "y": 12,
      "width": 2,
      "height": 4
    },
    {
      "x": 2,
      "y": 38,
      "width": 4,
      "height": 2
    },
    {
      "x": 35,
      "y": 15,
      "width": 4,
      "height": 2
    },
    {
      "x": 33,
      "y": 37,
      "width": 4,
      "height": 2
    },
    {
      "x": 20,
      "y": 34,
      "width": 2,
      "height": 4
    },
    {
      "x": 29,
      "y": 40,
      "width": 4,
      "height": 2
    },
    {
      "x": 29,
      "y": 30,
      "width": 4,
      "height": 2
    },
    {
      "x": 5,
      "y": 41,
      "width": 4,
      "height": 2
    },
    {
      "x": 25,
      "y": 10,
      "width": 2,
      "height": 4
    },
    {
      "x": 13,
      "y": 34,
      "width": 2,
      "height": 4
    },
    {
      "x": 38,
      "y": 10,
      "width": 4,
      "height": 2
    },
    {
      "x": 16,
      "y": 27,
      "width": 2,
      "height": 4
    },
    {
      "x": 41,
      "y": 22,
      "width": 2,
      "height": 4
    },
    {
      "x": 4,
      "y": 42,
      "width": 4,
      "height": 2
    },
    {
      "x": 19,
      "y": 0,
      "width": 2,
      "height": 4
    },
    {
      "x": 26,
      "y": 38,
      "width": 2,
      "height": 4
    },
    {
      "x": 22,
      "y": 29,
      "width": 4,
      "height": 2
    },
    {
      "x": 5,
      "y": 11,
      "width": 4,
      "height": 2
    },
    {
      "x": 11,
      "y": 38,
      "width": 4,
      "height": 2
    }
  ]
}