{
  "width": 50,
  "height": 34,
  "start": {
    "x": 46,
    "y": 23
  },
  "finish": {
    "x": 30,
    "y": 3
  },
  "checkpoints": [
    {
      "sequenceNumber": 0,
      "x": 3,
      "y": 31
    },
    {
      "sequenceNumber": 1,
      "x": 8,
      "y": 31
    }
  ],
  "teleportIns": {
    "0": {
      "sequenceNumber": 0,
      "x": 33,
      "y": 4
    },
    "1": {
      "sequenceNumber": 1,
      "x": 29,
      "y": 7
    }
  },
  "teleportOuts": {
    "0": {
      "sequenceNumber": 0,
      "x": 23,
      "y": 18
    },
    "1": {
      "sequenceNumber": 1,
      "x": 48,
      "y": 30
    }
  },
  "rocks": [
    {
      "x": 17,
      "y": 23,
      "width": 2,
      "height": 4
    },
    {
      "x": 30,
      "y": 19,
      "width": 2,
      "height": 4
    },
    {
      "x": 26,
      "y": 23,
      "width": 4,
      "height": 2
    },
    {
      "x": 33,
      "y": 26,
      "width": 4,
      "height": 2
    },
    {
      "x": 17,
      "y": 22,
      "width": 4,
      "height": 2
    },
    {
      "x": 32,
      "y": 19,
      "width": 2,
      "height": 4
    },
    {
      "x": 30,
      "y": 23,
      "width": 4,
      "height": 2
    },
    {
      "x": 41,
      "y": 3,
      "width": 2,
      "height": 4
    },
    {
      "x": 9,
      "y": 2,
      "width": 4,
      "height": 2
    },
    {
      "x": 2,
      "y": 29,
      "width": 4,
      "height": 2
    },
    {
      "x": 35,
      "y": 21,
      "width": 2,
      "height": 4
    },
    {
      "x": 19,
      "y": 3,
      "width": 4,
      "height": 2
    },
    {
      "x": 3,
      "y": 27,
      "width": 4,
      "height": 2
    },
    {
      "x": 23,
      "y": 9,
      "width": 2,
      "height": 4
    },
    {
      "x": 25,
      "y": 20,
      "width": 4,
      "height": 2
    },
    {
      "x": 15,
      "y": 4,
      "width": 2,
      "height": 4
    },
    {
      "x": 11,
      "y": 10,
      "width": 4,
      "height": 2
    },
    {
      "x": 2,
      "y": 29,
      "width": 4,
      "height": 2
    },
    {
      "x": 40,
      "y": 28,
      "width": 4,
      "height": 2
    },
    {
      "x": 35,
      "y": 27,
      "width": 4,
      "height": 2
    },
    {
      "x": 37,
      "y": 16,
      "width": 2,
      "height": 4
    },
    {
      "x": 17,
      "y": 9,
      "width": 4,
      "height": 2
    },
    {
      "x": 2,
      "y": 12,
      "width": 2,
      "height": 4
    },
    {
      "x": 26,
      "y": 29,
      "width": 4,
      "height": 2
    }
  ]
}