{
  "width": 41,
  "height": 22,
  "start": {
    "x": 38,
    "y": 20
  },
  "finish": {
    "x": 11,
    "y": 0
  },
  "checkpoints": [
    {
      "sequenceNumber": 0,
      "x": 20,
      "y": 10
    },
    {
      "sequenceNumber": 1,
      "x": 23,
      "y": 5
    },
    {
      "sequenceNumber": 2,
      "x": 5,
      "y": 5
    }
  ],
  "teleportIns": {
    "0": {
      "sequenceNumber": 0,
      "x": 28,
      "y": 12
    },
    "1": {
      "sequenceNumber": 1,
      "x": 8,
      "y": 13
    },
    "2": {
      "sequenceNumber": 2,
      "x": 1,
      "y": 7
    },
    "3": {
      "sequenceNumber": 3,
      "x": 4,
      "y": 14
    }
  },
  "teleportOuts": {
    "0": {
      "sequenceNumber": 0,
      "x": 30,
      "y": 16
    },
    "1": {
      "sequenceNumber": 1,
      "x": 6,
      "y": 20
    },
    "2": {
      "sequenceNumber": 2,
      "x": 17,
      "y": 2
    },
    "3": {
      "sequenceNumber": 3,
      "x": 25,
      "y": 10
    }
  },
  "rocks": [
    {
      "x": 26,
      "y": 10,
      "width": 4,
      "height": 2
    },
    {
      "x": 29,
      "y": 8,
      "width": 4,
      "height": 2
    },
    {
      "x": 13,
      "y": 15,
      "width": 2,
      "height": 4
    },
    {
      "x": 8,
      "y": 8,
      "width": 4,
      "height": 2
    },
    {
      "x": 28,
      "y": 8,
      "width": 4,
      "height": 2
    },
    {
      "x": 8,
      "y": 1,
      "width": 4,
      "height": 2
    },
    {
      "x": 19,
      "y": 14,
      "width": 4,
      "height": 2
    },
    {
      "x": 12,
      "y": 2,
      "width": 4,
      "height": 2
    },
    {
      "x": 14,
      "y": 16,
      "width": 2,
      "height": 4
    }
  ]
}