{
  "width": 43,
  "height": 20,
  "start": {
    "x": 37,
    "y": 15
  },
  "finish": {
    "x": 19,
    "y": 6
  },
  "teleportIns": {
    "0": {
      "sequenceNumber": 0,
      "x": 27,
      "y": 13
    }
  },
  "teleportOuts": {
    "0": {
      "sequenceNumber": 0,
      "x": 32,
      "y": 5
    }
  },
  "rocks": [
    {
      "x": 25,
      "y": 5,
      "width": 4,
      "height": 2
    },
    {
      "x": 37,
      "y": 5,
      "width": 4,
      "height": 2
    },
    {
      "x": 3,
      "y": 13,
      "width": 2,
      "height": 4
    },
    {
      "x": 9,
      "y": 17,
      "width": 4,
      "height": 2
    },
    {
      "x": 10,
      "y": 11,
      "width": 4,
      "height": 2
    },
    {
      "x": 0,
      "y": 7,
      "width": 2,
      "height": 4
    },
    {
      "x": 31,
      "y": 8,
      "width": 4,
      "height": 2
    },
    {
      "x": 2,
      "y": 14,
      "width": 2,
      "height": 4
    },
    {
      "x": 20,
      "y": 2,
      "width": 2,
      "height": 4
    },
    {
      "x": 13,
      "y": 15,
      "width": 4,
      "height": 2
    },
    {
      "x": 10,
      "y": 2,
      "width": 2,
      "height": 4
    },
    {
      "x": 30,
      "y": 5,
      "width": 2,
      "height": 4
    },
    {
      "x": 17,
      "y": 14,
      "width": 4,
      "height": 2
    },
    {
      "x": 15,
      "y": 0,
      "width": 2,
      "height": 4
    },
    {
      "x": 35,
      "y": 8,
      "width": 4,
      "height": 2
    },
    {
      "x": 39,
      "y": 11,
      "width": 2,
      "height": 4
    },
    {
      "x": 3,
      "y": 2,
      "width": 4,
      "height": 2
    },
    {
      "x": 4,
      "y": 4,
      "width": 4,
      "height": 2
    },
    {
      "x": 4,
      "y": 15,
      "width": 2,
      "height": 4
    },
    {
      "x": 28,
      "y": 4,
      "width": 2,
      "height": 4
    },
    {
      "x": 12,
      "y": 8,
      "width": 2,
      "height": 4
    },
    {
      "x": 13,
      "y": 6,
      "width": 2,
      "height": 4
    },
    {
      "x": 32,
      "y": 11,
      "width": 2,
      "height": 4
    },
    {
      "x": 22,
      "y": 10,
      "width": 2,
      "height": 4
    },
    {
      "x": 31,
      "y": 4,
      "width": 4,
      "height": 2
    },
    {
      "x": 23,
      "y": 9,
      "width": 2,
      "height": 4
    },
    {
      "x": 23,
      "y": 6,
      "width": 4,
      "height": 2
    },
    {
      "x": 28,
      "y": 10,
      "width": 4,
      "height": 2
    },
    {
      "x": 12,
      "y": 0,
      "width": 2,
      "height": 4
    },
    {
      "x": 37,
      "y": 9,
      "width": 2,
      "height": 4
    },
    {
      "x": 25,
      "y": 16,
      "width": 4,
      "height": 2
    },
    {
      "x": 2,
      "y": 2,
      "width": 4,
      "height": 2
    },
    {
      "x": 21,
      "y": 2,
      "width": 2,
      "height": 4
    },
    {
      "x": 15,
      "y": 0,
      "width": 2,
      "height": 4
    },
    {
      "x": 11,
      "y": 0,
      "width": 4,
      "height": 2
    },
    {
      "x": 25,
      "y": 4,
      "width": 2,
      "height": 4
    },
    {
      "x": 25,
      "y": 8,
      "width": 2,
      "height": 4
    }
  ]
}