{
  "width": 34,
  "height": 16,
  "start": {
    "x": 31,
    "y": 11
  },
  "finish": {
    "x": 28,
    "y": 5
  },
  "checkpoints": [
    {
      "sequenceNumber": 0,
      "x": 1,
      "y": 3
    },
    {
      "sequenceNumber": 1,
      "x": 29,
      "y": 1
    },
    {
      "sequenceNumber": 2,
      "x": 31,
      "y": 6
    }
  ],
  "teleportIns": {
    "0": {
      "sequenceNumber": 0,
      "x": 26,
      "y": 7
    },
    "1": {
      "sequenceNumber": 1,
      "x": 10,
      "y": 8
    }
  },
  "teleportOuts": {
    "0": {
      "sequenceNumber": 0,
      "x": 9,
      "y": 7
    },
    "1": {
      "sequenceNumber": 1,
      "x": 15,
      "y": 13
    }
  },
  "rocks": [
    {
      "x": 18,
      "y": 10,
      "width": 2,
      "height": 4
    },
    {
      "x": 15,
      "y": 4,
      "width": 2,
      "height": 4
    },
    {
      "x": 26,
      "y": 14,
      "width": 4,
      "height": 2
    },
    {
      "x": 19,
      "y": 11,
      "width": 2,
      "height": 4
    },
    {
      "x": 10,
      "y": 13,
      "width": 4,
      "height": 2
    },
    {
      "x": 22,
      "y": 0,
      "width": 4,
      "height": 2
    },
    {
      "x": 29,
      "y": 9,
      "width": 2,
      "height": 4
    },
    {
      "x": 26,
      "y": 6,
      "width": 4,
      "height": 2
    },
    {
      "x": 22,
      "y": 3,
      "width": 4,
      "height": 2
    },
    {
      "x": 10,
      "y": 11,
      "width": 2,
      "height": 4
    },
    {
      "x": 18,
      "y": 10,
      "width": 2,
      "height": 4
    },
    {
      "x": 15,
      "y": 6,
      "width": 2,
      "height": 4
    },
    {
      "x": 12,
      "y": 12,
      "width": 2,
      "height": 4
    },
    {
      "x": 16,
      "y": 11,
      "width": 2,
      "height": 4
    },
    {
      "x": 30,
      "y": 9,
      "width": 4,
      "height": 2
    },
    {
      "x": 20,
      "y": 0,
      "width": 2,
      "height": 4
    }
  ]
}