{
  "width": 21,
  "height": 24,
  "start": {
    "x": 14,
    "y": 0
  },
  "finish": {
    "x": 1,
    "y": 12
  },
  "checkpoints": [
    {
      "sequenceNumber": 0,
      "x": 3,
      "y": 5
    },
    {
      "sequenceNumber": 1,
      "x": 2,
      "y": 21
    },
    {
      "sequenceNumber": 2,
      "x": 9,
      "y": 2
    }
  ],
  "teleportIns": {
    "0": {
      "sequenceNumber": 0,
      "x": 18,
      "y": 20
    },
    "1": {
      "sequenceNumber": 1,
      "x": 13,
      "y": 13
    },
    "2": {
      "sequenceNumber": 2,
      "x": 10,
      "y": 11
    }
  },
  "teleportOuts": {
    "0": {
      "sequenceNumber": 0,
      "x": 5,
      "y": 4
    },
    "1": {
      "sequenceNumber": 1,
      "x": 0,
      "y": 17
    },
    "2": {
      "sequenceNumber": 2,
      "x": 12,
      "y": 20
    }
  },
  "rocks": [
    {
      "x": 12,
      "y": 9,
      "width": 2,
      "height": 4
    },
    {
      "x": 12,
      "y": 9,
      "width": 4,
      "height": 2
    }
  ]
}