{
  "width": 33,
  "height": 37,
  "start": {
    "x": 10,
    "y": 28
  },
  "finish": {
    "x": 9,
    "y": 10
  },
  "checkpoints": [
    {
      "sequenceNumber": 0,
      "x": 19,
      "y": 22
    }
  ],
  "teleportIns": {
    "0": {
      "sequenceNumber": 0,
      "x": 3,
      "y": 35
    },
    "1": {
      "sequenceNumber": 1,
      "x": 0,
      "y": 7
    },
    "2": {
      "sequenceNumber": 2,
      "x": 29,
      "y": 32
    },
    "3": {
      "sequenceNumber": 3,
      "x": 19,
      "y": 17
    }
  },
  "teleportOuts": {
    "0": {
      "sequenceNumber": 0,
      "x": 8,
      "y": 5
    },
    "1": {
      "sequenceNumber": 1,
      "x": 19,
      "y": 3
    },
    "2": {
      "sequenceNumber": 2,
      "x": 18,
      "y": 11
    },
    "3": {
      "sequenceNumber": 3,
      "x": 20,
      "y": 1
    }
  },
  "rocks": [
    {
      "x": 29,
      "y": 16,
      "width": 4,
      "height": 2
    },
    {
      "x": 26,
      "y": 24,
      "width": 2,
      "height": 4
    },
    {
      "x": 13,
      "y": 30,
      "width": 4,
      "height": 2
    },
    {
      "x": 11,
      "y": 20,
      "width": 4,
      "height": 2
    },
    {
      "x": 3,
      "y": 33,
      "width": 2,
      "height": 4
    },
    {
      "x": 24,
      "y": 10,
      "width": 4,
      "height": 2
    },
    {
      "x": 15,
      "y": 28,
      "width": 4,
      "height": 2
    },
    {
      "x": 14,
      "y": 6,
      "width": 2,
      "height": 4
    },
    {
      "x": 29,
      "y": 31,
      "width": 4,
      "height": 2
    },
    {
      "x": 3,
      "y": 27,
      "width": 2,
      "height": 4
    },
    {
      "x": 6,
      "y": 27,
      "width": 4,
      "height": 2
    },
    {
      "x": 6,
      "y": 12,
      "width": 2,
      "height": 4
    },
    {
      "x": 24,
      "y": 23,
      "width": 4,
      "height": 2
    },
    {
      "x": 15,
      "y": 29,
      "width": 2,
      "height": 4
    },
    {
      "x": 12,
      "y": 31,
      "width": 4,
      "height": 2
    },
    {
      "x": 5,
      "y": 7,
      "width": 2,
      "height": 4
    },
    {
      "x": 13,
      "y": 6,
      "width": 4,
      "height": 2
    },
    {
      "x": 16,
      "y": 30,
      "width": 4,
      "height": 2
    },
    {
      "x": 25,
      "y": 9,
      "width": 2,
      "height": 4
    },
    {
      "x": 9,
      "y": 9,
      "width": 4,
      "height": 2
    },
    {
      "x": 24,
      "y": 23,
      "width": 2,
      "height": 4
    },
    {
      "x": 6,
      "y": 16,
      "width": 2,
      "height": 4
    },
    {
      "x": 25,
      "y": 33,
      "width": 4,
      "height": 2
    },
    {
      "x": 25,
      "y": 2,
      "width": 4,
      "height": 2
    },
    {
      "x": 30,
      "y": 0,
      "width": 2,
      "height": 4
    },
    {
      "x": 31,
      "y": 27,
      "width": 2,
      "height": 4
    },
    {
      "x": 0,
      "y": 5,
      "width": 4,
      "height": 2
    },
    {
      "x": 17,
      "y": 19,
      "width": 2,
      "height": 4
    },
    {
      "x": 12,
      "y": 16,
      "width": 2,
      "height": 4
    },
    {
      "x": 18,
      "y": 8,
      "width": 4,
      "height": 2
    },
    {
      "x": 10,
      "y": 14,
      "width": 2,
      "height": 4
    },
    {
      "x": 13,
      "y": 10,
      "width": 4,
      "height": 2
    }
  ]
}