{
  "width": 24,
  "height": 32,
  "start": {
    "x": 12,
    "y": 23
  },
  "finish": {
    "x": 17,
    "y": 10
  },
  "checkpoints": [
    {
      "sequenceNumber": 0,
      "x": 2,
      "y": 15
    },
    {
      "sequenceNumber": 1,
      "x": 7,
      "y": 11
    }
  ],
  "teleportIns": {
    "0": {
      "sequenceNumber": 0,
      "x": 6,
      "y": 9
    },
    "1": {
      "sequenceNumber": 1,
      "x": 5,
      "y": 27
    }
  },
  "teleportOuts": {
    "0": {
      "sequenceNumber": 0,
      "x": 9,
      "y": 2
    },
    "1": {
      "sequenceNumber": 1,
      "x": 4,
      "y": 2
    }
  },
  "rocks": [
    {
      "x": 21,
      "y": 2,
      "width": 2,
      "height": 4
    },
    {
      "x": 6,
      "y": 3,
      "width": 4,
      "height": 2
    },
    {
      "x": 18,
      "y": 4,
      "width": 2,
      "height": 4
    },
    {
      "x": 12,
      "y": 26,
      "width": 4,
      "height": 2
    },
    {
      "x": 2,
      "y": 25,
      "width": 4,
      "height": 2
    },
    {
      "x": 19,
      "y": 12,
      "width": 4,
      "height": 2
    },
    {
      "x": 6,
      "y": 27,
      "width": 2,
      "height": 4
    },
    {
      "x": 13,
      "y": 4,
      "width": 2,
      "height": 4
    },
    {
      "x": 1,
      "y": 14,
      "width": 2,
      "height": 4
    },
    {
      "x": 19,
      "y": 4,
      "width": 4,
      "height": 2
    },
    {
      "x": 18,
      "y": 10,
      "width": 2,
      "height": 4
    },
    {
      "x": 0,
      "y": 18,
      "width": 4,
      "height": 2
    },
    {
      "x": 13,
      "y": 9,
      "width": 4,
      "height": 2
    },
    {
      "x": 6,
      "y": 29,
      "width": 4,
      "height": 2
    },
    {
      "x": 18,
      "y": 23,
      "width": 2,
      "height": 4
    },
    {
      "x": 10,
      "y": 2,
      "width": 4,
      "height": 2
    },
    {
      "x": 20,
      "y": 24,
      "width": 2,
      "height": 4
    },
    {
      "x": 6,
      "y": 22,
      "width": 4,
      "height": 2
    },
    {
      "x": 8,
      "y": 11,
      "width": 2,
      "height": 4
    },
    {
      "x": 12,
      "y": 8,
      "width": 2,
      "height": 4
    },
    {
      "x": 9,
      "y": 28,
      "width": 4,
      "height": 2
    },
    {
      "x": 5,
      "y": 15,
      "width": 2,
      "height": 4
    },
    {
      "x": 21,
      "y": 23,
      "width": 2,
      "height": 4
    },
    {
      "x": 1,
      "y": 10,
      "width": 4,
      "height": 2
    },
    {
      "x": 1,
      "y": 6,
      "width": 2,
      "height": 4
    },
    {
      "x": 13,
      "y": 28,
      "width": 2,
      "height": 4
    },
    {
      "x": 9,
      "y": 9,
      "width": 4,
      "height": 2
    },
    {
      "x": 10,
      "y": 8,
      "width": 2,
      "height": 4
    },
    {
      "x": 1,
      "y": 29,
      "width": 4,
      "height": 2
    },
    {
      "x": 22,
      "y": 25,
      "width": 2,
      "height": 4
    },
    {
      "x": 18,
      "y": 19,
      "width": 4,
      "height": 2
    },
    {
      "x": 14,
      "y": 1,
      "width": 2,
      "height": 4
    },
    {
      "x": 11,
      "y": 10,
      "width": 4,
      "height": 2
    },
    {
      "x": 20,
      "y": 0,
      "width": 4,
      "height": 2
    },
    {
      "x": 1,
      "y": 10,
      "width": 2,
      "height": 4
    },
    {
      "x": 14,
      "y": 14,
      "width": 2,
      "height": 4
    }
  ]
}