{
  "width": 35,
  "height": 39,
  "start": {
    "x": 8,
    "y": 7
  },
  "finish": {
    "x": 8,
    "y": 13
  },
  "checkpoints": [
    {
      "sequenceNumber": 0,
      "x": 33,
      "y": 1
    },
    {
      "sequenceNumber": 1,
      "x": 10,
      "y": 29
    }
  ],
  "teleportIns": {
    "0": {
      "sequenceNumber": 0,
      "x": 10,
      "y": 24
    },
    "1": {
      "sequenceNumber": 1,
      "x": 22,
      "y": 8
    }
  },
  "teleportOuts": {
    "0": {
      "sequenceNumber": 0,
      "x": 18,
      "y": 18
    },
    "1": {
      "sequenceNumber": 1,
      "x": 14,
      "y": 10
    }
  },
  "rocks": [
    {
      "x": 16,
      "y": 21,
      "width": 2,
      "height": 4
    },
    {
      "x": 6,
      "y": 23,
      "width": 2,
      "height": 4
    },
    {
      "x": 5,
      "y": 30,
      "width": 2,
      "height": 4
    },
    {
      "x": 31,
      "y": 6,
      "width": 4,
      "height": 2
    },
    {
      "x": 4,
      "y": 11,
      "width": 2,
      "height": 4
    },
    {
      "x": 17,
      "y": 30,
      "width": 4,
      "height": 2
    },
    {
      "x": 21,
      "y": 7,
      "width": 2,
      "height": 4
    },
    {
      "x": 32,
      "y": 9,
      "width": 2,
      "height": 4
    },
    {
      "x": 13,
      "y": 17,
      "width": 2,
      "height": 4
    },
    {
      "x": 16,
      "y": 4,
      "width": 2,
      "height": 4
    },
    {
      "x": 24,
      "y": 27,
      "width": 2,
      "height": 4
    },
    {
      "x": 6,
      "y": 27,
      "width": 4,
      "height": 2
    },
    {
      "x": 6,
      "y": 7,
      "width": 2,
      "height": 4
    },
    {
      "x": 8,
      "y": 11,
      "width": 4,
      "height": 2
    },
    {
      "x": 13,
      "y": 33,
      "width": 2,
      "height": 4
    },
    {
      "x": 6,
      "y": 25,
      "width": 2,
      "height": 4
    },
    {
      "x": 14,
      "y": 15,
      "width": 4,
      "height": 2
    },
    {
      "x": 27,
      "y": 16,
      "width": 2,
      "height": 4
    },
    {
      "x": 29,
      "y": 15,
      "width": 4,
      "height": 2
    },
    {
      "x": 3,
      "y": 9,
      "width": 2,
      "height": 4
    },
    {
      "x": 11,
      "y": 16,
      "width": 4,
      "height": 2
    },
    {
      "x": 5,
      "y": 11,
      "width": 2,
      "height": 4
    },
    {
      "x": 27,
      "y": 6,
      "width": 2,
      "height": 4
    },
    {
      "x": 29,
      "y": 1,
      "width": 4,
      "height": 2
    },
    {
      "x": 21,
      "y": 22,
      "width": 2,
      "height": 4
    },
    {
      "x": 12,
      "y": 36,
      "width": 4,
      "height": 2
    },
    {
      "x": 27,
      "y": 8,
      "width": 2,
      "height": 4
    },
    {
      "x": 0,
      "y": 9,
      "width": 2,
      "height": 4
    },
    {
      "x": 4,
      "y": 21,
      "width": 4,
      "height": 2
    },
    {
      "x": 25,
      "y": 34,
      "width": 4,
      "height": 2
    },
    {
      "x": 1,
      "y": 12,
      "width": 2,
      "height": 4
    },
    {
      "x": 29,
      "y": 21,
      "width": 2,
      "height": 4
    },
    {
      "x": 12,
      "y": 34,
      "width": 2,
      "height": 4
    },
    {
      "x": 19,
      "y": 24,
      "width": 2,
      "height": 4
    },
    {
      "x": 19,
      "y": 23,
      "width": 2,
      "height": 4
    },
    {
      "x": 6,
      "y": 1,
      "width": 4,
      "height": 2
    },
    {
      "x": 7,
      "y": 16,
      "width": 2,
      "height": 4
    }
  ]
}