{
  "width": 15,
  "height": 38,
  "start": {
    "x": 1,
    "y": 22
  },
  "finish": {
    "x": 12,
    "y": 16
  },
  "checkpoints": [
    {
      "sequenceNumber": 0,
      "x": 3,
      "y": 0
    },
    {
      "sequenceNumber": 1,
      "x": 8,
      "y": 29
    },
    {
      "sequenceNumber": 2,
      "x": 6,
      "y": 27
    },
    {
      "sequenceNumber": 3,
      "x": 1,
      "y": 1
    },
    {
      "sequenceNumber": 4,
      "x": 2,
      "y": 27
    }
  ],
  "rocks": [
    {
      "x": 5,
      "y": 11,
      "width": 4,
      "height": 2
    },
    {
      "x": 6,
      "y": 3,
      "width": 4,
      "height": 2
    },
    {
      "x": 9,
      "y": 7,
      "width": 4,
      "height": 2
    },
    {
      "x": 6,
      "y": 30,
      "width": 4,
      "height": 2
    },
    {
      "x": 10,
      "y": 31,
      "width": 4,
      "height": 2
    },
    {
      "x": 8,
      "y": 15,
      "width": 4,
      "height": 2
    },
    {
      "x": 12,
      "y": 3,
      "width": 2,
      "height": 4
    },
    {
      "x": 3,
      "y": 33,
      "width": 4,
      "height": 2
    },
    {
      "x": 1,
      "y": 32,
      "width": 4,
      "height": 2
    },
    {
      "x": 7,
      "y": 26,
      "width": 4,
      "height": 2
    }
  ]
}