{
  "width": 49,
  "height": 16,
  "start": {
    "x": 39,
    "y": 5
  },
  "finish": {
    "x": 7,
    "y": 6
  },
  "checkpoints": [
    {
      "sequenceNumber": 0,
      "x": 16,
      "y": 8
    },
    {
      "sequenceNumber": 1,
      "x": 44,
      "y": 7
    }
  ]
}