{
  "width": 23,
  "height": 46,
  "start": {
    "x": 9,
    "y": 42
  },
  "finish": {
    "x": 21,
    "y": 32
  },
  "checkpoints": [
    {
      "sequenceNumber": 0,
      "x": 16,
      "y": 6
    }
  ],
  "teleportIns": {
    "0": {
      "sequenceNumber": 0,
      "x": 21,
      "y": 4
    },
    "1": {
      "sequenceNumber": 1,
      "x": 9,
      "y": 38
    },
    "2": {
      "sequenceNumber": 2,
      "x": 21,
      "y": 2
    },
    "3": {
      "sequenceNumber": 3,
      "x": 12,
      "y": 0
    }
  },
  "teleportOuts": {
    "0": {
      "sequenceNumber": 0,
      "x": 17,
      "y": 7
    },
    "1": {
      "sequenceNumber": 1,
      "x": 3,
      "y": 3
    },
    "2": {
      "sequenceNumber": 2,
      "x": 10,
      "y": 20
    },
    "3": {
      "sequenceNumber": 3,
      "x": 9,
      "y": 1
    }
  },
  "rocks": [
    {
      "x": 19,
      "y": 5,
      "width": 4,
      "height": 2
    },
    {
      "x": 19,
      "y": 23,
      "width": 4,
      "height": 2
    },
    {
      "x": 2,
      "y": 8,
      "width": 4,
      "height": 2
    },
    {
      "x": 10,
      "y": 32,
      "width": 4,
      "height": 2
    },
    {
      "x": 2,
      "y": 28,
      "width": 2,
      "height": 4
    },
    {
      "x": 6,
      "y": 18,
      "width": 4,
      "height": 2
    },
    {
      "x": 18,
      "y": 29,
      "width": 4,
      "height": 2
    },
    {
      "x": 7,
      "y": 18,
      "width": 4,
      "height": 2
    },
    {
      "x": 4,
      "y": 42,
      "width": 2,
      "height": 4
    },
    {
      "x": 12,
      "y": 14,
      "width": 4,
      "height": 2
    },
    {
      "x": 1,
      "y": 5,
      "width": 2,
      "height": 4
    },
    {
      "x": 14,
      "y": 42,
      "width": 2,
      "height": 4
    },
    {
      "x": 0,
      "y": 23,
      "width": 2,
      "height": 4
    },
    {
      "x": 16,
      "y": 21,
      "width": 2,
      "height": 4
    },
    {
      "x": 0,
      "y": 41,
      "width": 2,
      "height": 4
    },
    {
      "x": 13,
      "y": 20,
      "width": 4,
      "height": 2
    },
    {
      "x": 3,
      "y": 40,
      "width": 4,
      "height": 2
    },
    {
      "x": 11,
      "y": 43,
      "width": 4,
      "height": 2
    },
    {
      "x": 10,
      "y": 6,
      "width": 2,
      "height": 4
    },
    {
      "x": 1,
      "y": 14,
      "width": 2,
      "height": 4
    },
    {
      "x": 6,
      "y": 4,
      "width": 4,
      "height": 2
    },
    {
      "x": 10,
      "y": 6,
      "width": 2,
      "height": 4
    },
    {
      "x": 7,
      "y": 22,
      "width": 4,
      "height": 2
    },
    {
      "x": 19,
      "y": 11,
      "width": 2,
      "height": 4
    },
    {
      "x": 16,
      "y": 27,
      "width": 4,
      "height": 2
    },
    {
      "x": 0,
      "y": 36,
      "width": 4,
      "height": 2
    },
    {
      "x": 13,
      "y": 31,
      "width": 2,
      "height": 4
    },
    {
      "x": 1,
      "y": 18,
      "width": 4,
      "height": 2
    },
    {
      "x": 17,
      "y": 22,
      "width": 2,
      "height": 4
    }
  ]
}