{
  "width": 21,
  "height": 21,
  "start": {
    "x": 16,
    "y": 1
  },
  "finish": {
    "x": 16,
    "y": 17
  },
  "teleportIns": {
    "0": {
      "sequenceNumber": 0,
      "x": 6,
      "y": 13
    },
    "1": {
      "sequenceNumber": 1,
      "x": 0,
      "y": 10
    }
  },
  "teleportOuts": {
    "0": {
      "sequenceNumber": 0,
      "x": 13,
      "y": 7
    },
    "1": {
      "sequenceNumber": 1,
      "x": 13,
      "y": 19
    }
  },
  "rocks": [
    {
      "x": 4,
      "y": 14,
      "width": 4,
      "height": 2
    },
    {
      "x": 19,
      "y": 13,
      "width": 2,
      "height": 4
    }
  ]
}