{
  "width": 37,
  "height": 36,
  "start": {
    "x": 15,
    "y": 28
  },
  "finish": {
    "x": 22,
    "y": 8
  },
  "checkpoints": [
    {
      "sequenceNumber": 0,
      "x": 0,
      "y": 8
    },
    {
      "sequenceNumber": 1,
      "x": 20,
      "y": 0
    }
  ],
  "teleportIns": {
    "0": {
      "sequenceNumber": 0,
      "x": 2,
      "y": 27
    }
  },
  "teleportOuts": {
    "0": {
      "sequenceNumber": 0,
      "x": 5,
      "y": 18
    }
  },
  "rocks": [
    {
      "x": 21,
      "y": 6,
      "width": 2,
      "height": 4
    },
    {
      "x": 3,
      "y": 9,
      "width": 4,
      "height": 2
    },
    {
      "x": 31,
      "y": 20,
      "width": 2,
      "height": 4
    },
    {
      "x": 19,
      "y": 18,
      "width": 4,
      "height": 2
    },
    {
      "x": 12,
      "y": 26,
      "width": 2,
      "height": 4
    },
    {
      "x": 32,
      "y": 1,
      "width": 4,
      "height": 2
    },
    {
      "x": 29,
      "y": 29,
      "width": 4,
      "height": 2
    },
    {
      "x": 16,
      "y": 20,
      "width": 2,
      "height": 4
    },
    {
      "x": 33,
      "y": 9,
      "width": 4,
      "height": 2
    },
    {
      "x": 5,
      "y": 6,
      "width": 2,
      "height": 4
    },
    {
      "x": 16,
      "y": 7,
      "width": 2,
      "height": 4
    },
    {
      "x": 14,
      "y": 31,
      "width": 4,
      "height": 2
    },
    {
      "x": 9,
      "y": 14,
      "width": 4,
      "height": 2
    },
    {
      "x": 29,
      "y": 30,
      "width": 2,
      "height": 4
    },
    {
      "x": 14,
      "y": 18,
      "width": 4,
      "height": 2
    },
    {
      "x": 26,
      "y": 8,
      "width": 4,
      "height": 2
    },
    {
      "x": 25,
      "y": 20,
      "width": 2,
      "height": 4
    }
  ]
}