{
  "width": 35,
  "height": 30,
  "start": {
    "x": 21,
    "y": 21
  },
  "finish": {
    "x": 14,
    "y": 14
  },
  "checkpoints": [
    {
      "sequenceNumber": 0,
      "x": 26,
      "y": 2
    },
    {
      "sequenceNumber": 1,
      "x": 3,
      "y": 16
    }
  ],
  "teleportIns": {
    "0": {
      "sequenceNumber": 0,
      "x": 20,
      "y": 19
    },
    "1": {
      "sequenceNumber": 1,
      "x": 27,
      "y": 12
    },
    "2": {
      "sequenceNumber": 2,
      "x": 17,
      "y": 27
    }
  },
  "teleportOuts": {
    "0": {
      "sequenceNumber": 0,
      "x": 13,
      "y": 12
    },
    "1": {
      "sequenceNumber": 1,
      "x": 19,
      "y": 14
    },
    "2": {
      "sequenceNumber": 2,
      "x": 32,
      "y": 7
    }
  },
  "rocks": [
    {
      "x": 32,
      "y": 10,
      "width": 2,
      "height": 4
    },
    {
      "x": 0,
      "y": 22,
      "width": 2,
      "height": 4
    },
    {
      "x": 18,
      "y": 12,
      "width": 2,
      "height": 4
    },
    {
      "x": 28,
      "y": 7,
      "width": 2,
      "height": 4
    },
    {
      "x": 9,
      "y": 20,
      "width": 2,
      "height": 4
    },
    {
      "x": 2,
      "y": 10,
      "width": 4,
      "height": 2
    },
    {
      "x": 32,
      "y": 22,
      "width": 2,
      "height": 4
    },
    {
      "x": 12,
      "y": 5,
      "width": 2,
      "height": 4
    },
    {
      "x": 7,
      "y": 27,
      "width": 4,
      "height": 2
    },
    {
      "x": 11,
      "y": 13,
      "width": 4,
      "height": 2
    },
    {
      "x": 21,
      "y": 18,
      "width": 4,
      "height": 2
    },
    {
      "x": 23,
      "y": 11,
      "width": 4,
      "height": 2
    },
    {
      "x": 12,
      "y": 18,
      "width": 2,
      "height": 4
    },
    {
      "x": 18,
      "y": 22,
      "width": 4,
      "height": 2
    },
    {
      "x": 10,
      "y": 11,
      "width": 4,
      "height": 2
    },
    {
      "x": 3,
      "y": 0,
      "width": 4,
      "height": 2
    },
    {
      "x": 3,
      "y": 19,
      "width": 4,
      "height": 2
    },
    {
      "x": 22,
      "y": 14,
      "width": 2,
      "height": 4
    },
    {
      "x": 10,
      "y": 26,
      "width": 2,
      "height": 4
    }
  ]
}