{
  "width": 49,
  "height": 14,
  "start": {
    "x": 35,
    "y": 0
  },
  "finish": {
    "x": 21,
    "y": 10
  },
  "checkpoints": [
    {
      "sequenceNumber": 0,
      "x": 21,
      "y": 2
    },
    {
      "sequenceNumber": 1,
      "x": 35,
      "y": 8
    },
    {
      "sequenceNumber": 2,
      "x": 47,
      "y": 8
    },
    {
      "sequenceNumber": 3,
      "x": 21,
      "y": 12
    }
  ],
  "teleportIns": {
    "0": {
      "sequenceNumber": 0,
      "x": 6,
      "y": 0
    },
    "1": {
      "sequenceNumber": 1,
      "x": 9,
      "y": 0
    },
    "2": {
      "sequenceNumber": 2,
      "x": 26,
      "y": 9
    }
  },
  "teleportOuts": {
    "0": {
      "sequenceNumber": 0,
      "x": 44,
      "y": 8
    },
    "1": {
      "sequenceNumber": 1,
      "x": 45,
      "y": 7
    },
    "2": {
      "sequenceNumber": 2,
      "x": 18,
      "y": 3
    }
  },
  "rocks": [
    {
      "x": 9,
      "y": 9,
      "width": 4,
      "height": 2
    },
    {
      "x": 24,
      "y": 7,
      "width": 4,
      "height": 2
    },
    {
      "x": 32,
      "y": 6,
      "width": 2,
      "height": 4
    },
    {
      "x": 1,
      "y": 6,
      "width": 2,
      "height": 4
    },
    {
      "x": 11,
      "y": 2,
      "width": 2,
      "height": 4
    },
    {
      "x": 2,
      "y": 11,
      "width": 4,
      "height": 2
    },
    {
      "x": 25,
      "y": 8,
      "width": 2,
      "height": 4
    },
    {
      "x": 14,
      "y": 3,
      "width": 4,
      "height": 2
    },
    {
      "x": 8,
      "y": 6,
      "width": 2,
      "height": 4
    },
    {
      "x": 4,
      "y": 5,
      "width": 2,
      "height": 4
    },
    {
      "x": 0,
      "y": 8,
      "width": 2,
      "height": 4
    },
    {
      "x": 41,
      "y": 6,
      "width": 2,
      "height": 4
    },
    {
      "x": 28,
      "y": 2,
      "width": 4,
      "height": 2
    },
    {
      "x": 41,
      "y": 5,
      "width": 2,
      "height": 4
    },
    {
      "x": 11,
      "y": 12,
      "width": 4,
      "height": 2
    },
    {
      "x": 35,
      "y": 5,
      "width": 4,
      "height": 2
    },
    {
      "x": 35,
      "y": 3,
      "width": 4,
      "height": 2
    },
    {
      "x": 0,
      "y": 4,
      "width": 2,
      "height": 4
    },
    {
      "x": 0,
      "y": 9,
      "width": 4,
      "height": 2
    },
    {
      "x": 29,
      "y": 1,
      "width": 2,
      "height": 4
    },
    {
      "x": 41,
      "y": 10,
      "width": 4,
      "height": 2
    },
    {
      "x": 27,
      "y": 8,
      "width": 4,
      "height": 2
    },
    {
      "x": 18,
      "y": 6,
      "width": 4,
      "height": 2
    },
    {
      "x": 21,
      "y": 3,
      "width": 4,
      "height": 2
    },
    {
      "x": 32,
      "y": 9,
      "width": 2,
      "height": 4
    }
  ]
}