{
  "width": 49,
  "height": 27,
  "start": {
    "x": 32,
    "y": 11
  },
  "finish": {
    "x": 45,
    "y": 2
  },
  "checkpoints": [
    {
      "sequenceNumber": 0,
      "x": 30,
      "y": 10
    },
    {
      "sequenceNumber": 1,
      "x": 43,
      "y": 12
    },
    {
      "sequenceNumber": 2,
      "x": 36,
      "y": 5
    },
    {
      "sequenceNumber": 3,
      "x": 44,
      "y": 10
    },
    {
      "sequenceNumber": 4,
      "x": 20,
      "y": 9
    }
  ],
  "teleportIns": {
    "0": {
      "sequenceNumber": 0,
      "x": 3,
      "y": 12
    },
    "1": {
      "sequenceNumber": 1,
      "x": 4,
      "y": 12
    }
  },
  "teleportOuts": {
    "0": {
      "sequenceNumber": 0,
      "x": 16,
      "y": 17
    },
    "1": {
      "sequenceNumber": 1,
      "x": 41,
      "y": 2
    }
  },
  "rocks": [
    {
      "x": 42,
      "y": 25,
      "width": 4,
      "height": 2
    },
    {
      "x": 42,
      "y": 0,
      "width": 2,
      "height": 4
    },
    {
      "x": 6,
      "y": 8,
      "width": 2,
      "height": 4
    },
    {
      "x": 14,
      "y": 21,
      "width": 4,
      "height": 2
    },
    {
      "x": 39,
      "y": 20,
      "width": 2,
      "height": 4
    },
    {
      "x": 37,
      "y": 25,
      "width": 4,
      "height": 2
    },
    {
      "x": 0,
      "y": 7,
      "width": 2,
      "height": 4
    },
    {
      "x": 40,
      "y": 6,
      "width": 4,
      "height": 2
    },
    {
      "x": 45,
      "y": 21,
      "width": 2,
      "height": 4
    },
    {
      "x": 11,
      "y": 0,
      "width": 4,
      "height": 2
    },
    {
      "x": 26,
      "y": 16,
      "width": 4,
      "height": 2
    },
    {
      "x": 30,
      "y": 3,
      "width": 4,
      "height": 2
    },
    {
      "x": 22,
      "y": 16,
      "width": 4,
      "height": 2
    },
    {
      "x": 0,
      "y": 23,
      "width": 4,
      "height": 2
    },
    {
      "x": 31,
      "y": 10,
      "width": 2,
      "height": 4
    },
    {
      "x": 19,
      "y": 8,
      "width": 4,
      "height": 2
    },
    {
      "x": 9,
      "y": 6,
      "width": 4,
      "height": 2
    },
    {
      "x": 30,
      "y": 1,
      "width": 4,
      "height": 2
    },
    {
      "x": 2,
      "y": 18,
      "width": 2,
      "height": 4
    },
    {
      "x": 31,
      "y": 22,
      "width": 2,
      "height": 4
    },
    {
      "x": 24,
      "y": 13,
      "width": 2,
      "height": 4
    },
    {
      "x": 14,
      "y": 5,
      "width": 2,
      "height": 4
    },
    {
      "x": 37,
      "y": 15,
      "width": 4,
      "height": 2
    },
    {
      "x": 32,
      "y": 1,
      "width": 2,
      "height": 4
    },
    {
      "x": 45,
      "y": 19,
      "width": 4,
      "height": 2
    },
    {
      "x": 31,
      "y": 8,
      "width": 4,
      "height": 2
    },
    {
      "x": 19,
      "y": 4,
      "width": 2,
      "height": 4
    },
    {
      "x": 25,
      "y": 22,
      "width": 4,
      "height": 2
    },
    {
      "x": 15,
      "y": 1,
      "width": 2,
      "height": 4
    },
    {
      "x": 25,
      "y": 24,
      "width": 4,
      "height": 2
    },
    {
      "x": 8,
      "y": 0,
      "width": 2,
      "height": 4
    },
    {
      "x": 38,
      "y": 1,
      "width": 2,
      "height": 4
    },
    {
      "x": 36,
      "y": 1,
      "width": 2,
      "height": 4
    },
    {
      "x": 42,
      "y": 20,
      "width": 4,
      "height": 2
    },
    {
      "x": 31,
      "y": 2,
      "width": 2,
      "height": 4
    },
    {
      "x": 42,
      "y": 3,
      "width": 4,
      "height": 2
    },
    {
      "x": 13,
      "y": 13,
      "width": 4,
      "height": 2
    },
    {
      "x": 39,
      "y": 13,
      "width": 2,
      "height": 4
    },
    {
      "x": 39,
      "y": 13,
      "width": 4,
      "height": 2
    }
  ]
}