{
  "width": 43,
  "height": 45,
  "start": {
    "x": 23,
    "y": 31
  },
  "finish": {
    "x": 39,
    "y": 43
  },
  "teleportIns": {
    "0": {
      "sequenceNumber": 0,
      "x": 36,
      "y": 8
    },
    "1": {
      "sequenceNumber": 1,
      "x": 24,
      "y": 22
    },
    "2": {
      "sequenceNumber": 2,
      "x": 0,
      "y": 4
    }
  },
  "teleportOuts": {
    "0": {
      "sequenceNumber": 0,
      "x": 17,
      "y": 31
    },
    "1": {
      "sequenceNumber": 1,
      "x": 33,
      "y": 33
    },
    "2": {
      "sequenceNumber": 2,
      "x": 8,
      "y": 10
    }
  },
  "rocks": [
    {
      "x": 6,
      "y": 20,
      "width": 2,
      "height": 4
    },
    {
      "x": 18,
      "y": 14,
      "width": 4,
      "height": 2
    },
    {
      "x": 32,
      "y": 15,
      "width": 2,
      "height": 4
    },
    {
      "x": 39,
      "y": 32,
      "width": 4,
      "height": 2
    },
    {
      "x": 33,
      "y": 19,
      "width": 2,
      "height": 4
    },
    {
      "x": 2,
      "y": 32,
      "width": 2,
      "height": 4
    },
    {
      "x": 18,
      "y": 16,
      "width": 2,
      "height": 4
    },
    {
      "x": 25,
      "y": 39,
      "width": 2,
      "height": 4
    },
    {
      "x": 20,
      "y": 41,
      "width": 2,
      "height": 4
    },
    {
      "x": 1,
      "y": 32,
      "width": 4,
      "height": 2
    },
    {
      "x": 10,
      "y": 28,
      "width": 4,
      "height": 2
    },
    {
      "x": 8,
      "y": 24,
      "width": 4,
      "height": 2
    },
    {
      "x": 15,
      "y": 18,
      "width": 2,
      "height": 4
    },
    {
      "x": 20,
      "y": 0,
      "width": 4,
      "height": 2
    },
    {
      "x": 1,
      "y": 28,
      "width": 4,
      "height": 2
    },
    {
      "x": 7,
      "y": 12,
      "width": 2,
      "height": 4
    },
    {
      "x": 37,
      "y": 39,
      "width": 4,
      "height": 2
    },
    {
      "x": 8,
      "y": 16,
      "width": 2,
      "height": 4
    },
    {
      "x": 39,
      "y": 34,
      "width": 4,
      "height": 2
    },
    {
      "x": 0,
      "y": 38,
      "width": 4,
      "height": 2
    },
    {
      "x": 0,
      "y": 41,
      "width": 4,
      "height": 2
    },
    {
      "x": 10,
      "y": 17,
      "width": 2,
      "height": 4
    },
    {
      "x": 13,
      "y": 20,
      "width": 4,
      "height": 2
    },
    {
      "x": 3,
      "y": 18,
      "width": 2,
      "height": 4
    },
    {
      "x": 1,
      "y": 29,
      "width": 4,
      "height": 2
    },
    {
      "x": 5,
      "y": 6,
      "width": 2,
      "height": 4
    },
    {
      "x": 5,
      "y": 8,
      "width": 2,
      "height": 4
    },
    {
      "x": 3,
      "y": 6,
      "width": 2,
      "height": 4
    },
    {
      "x": 21,
      "y": 15,
      "width": 4,
      "height": 2
    }
  ]
}