{
  "width": 47,
  "height": 50,
  "start": {
    "x": 45,
    "y": 27
  },
  "finish": {
    "x": 39,
    "y": 7
  },
  "checkpoints": [
    {
      "sequenceNumber": 0,
      "x": 31,
      "y": 11
    },
    {
      "sequenceNumber": 1,
      "x": 35,
      "y": 10
    },
    {
      "sequenceNumber": 2,
      "x": 30,
      "y": 23
    },
    {
      "sequenceNumber": 3,
      "x": 14,
      "y": 35
    },
    {
      "sequenceNumber": 4,
      "x": 13,
      "y": 21
    }
  ],
  "teleportIns": {
    "0": {
      "sequenceNumber": 0,
      "x": 1,
      "y": 45
    },
    "1": {
      "sequenceNumber": 1,
      "x": 29,
      "y": 41
    }
  },
  "teleportOuts": {
    "0": {
      "sequenceNumber": 0,
      "x": 2,
      "y": 43
    },
    "1": {
      "sequenceNumber": 1,
      "x": 36,
      "y": 17
    }
  },
  "rocks": [
    {
      "x": 4,
      "y": 42,
      "width": 2,
      "height": 4
    },
    {
      "x": 7,
      "y": 40,
      "width": 2,
      "height": 4
    },
    {
      "x": 12,
      "y": 18,
      "width": 4,
      "height": 2
    },
    {
      "x": 25,
      "y": 20,
      "width": 2,
      "height": 4
    },
    {
      "x": 44,
      "y": 1,
      "width": 2,
      "height": 4
    },
    {
      "x": 13,
      "y": 18,
      "width": 2,
      "height": 4
    },
    {
      "x": 15,
      "y": 32,
      "width": 2,
      "height": 4
    },
    {
      "x": 25,
      "y": 12,
      "width": 4,
      "height": 2
    },
    {
      "x": 15,
      "y": 6,
      "width": 2,
      "height": 4
    },
    {
      "x": 29,
      "y": 31,
      "width": 4,
      "height": 2
    },
    {
      "x": 24,
      "y": 24,
      "width": 4,
      "height": 2
    }
  ]
}