{
  "width": 37,
  "height": 30,
  "start": {
    "x": 35,
    "y": 6
  },
  "finish": {
    "x": 25,
    "y": 16
  },
  "checkpoints": [
    {
      "sequenceNumber": 0,
      "x": 31,
      "y": 21
    }
  ],
  "teleportIns": {
    "0": {
      "sequenceNumber": 0,
      "x": 2,
      "y": 4
    },
    "1": {
      "sequenceNumber": 1,
      "x": 27,
      "y": 6
    },
    "2": {
      "sequenceNumber": 2,
      "x": 19,
      "y": 20
    }
  },
  "teleportOuts": {
    "0": {
      "sequenceNumber": 0,
      "x": 10,
      "y": 12
    },
    "1": {
      "sequenceNumber": 1,
      "x": 14,
      "y": 23
    },
    "2": {
      "sequenceNumber": 2,
      "x": 23,
      "y": 2
    }
  },
  "rocks": [
    {
      "x": 30,
      "y": 6,
      "width": 4,
      "height": 2
    },
    {
      "x": 31,
      "y": 12,
      "width": 2,
      "height": 4
    },
    {
      "x": 4,
      "y": 23,
      "width": 4,
      "height": 2
    },
    {
      "x": 33,
      "y": 18,
      "width": 4,
      "height": 2
    },
    {
      "x": 32,
      "y": 24,
      "width": 4,
      "height": 2
    },
    {
      "x": 24,
      "y": 9,
      "width": 2,
      "height": 4
    },
    {
      "x": 1,
      "y": 25,
      "width": 4,
      "height": 2
    },
    {
      "x": 16,
      "y": 3,
      "width": 2,
      "height": 4
    },
    {
      "x": 30,
      "y": 25,
      "width": 2,
      "height": 4
    },
    {
      "x": 28,
      "y": 26,
      "width": 2,
      "height": 4
    },
    {
      "x": 21,
      "y": 9,
      "width": 2,
      "height": 4
    },
    {
      "x": 7,
      "y": 2,
      "width": 2,
      "height": 4
    },
    {
      "x": 28,
      "y": 23,
      "width": 4,
      "height": 2
    },
    {
      "x": 28,
      "y": 9,
      "width": 2,
      "height": 4
    },
    {
      "x": 6,
      "y": 27,
      "width": 4,
      "height": 2
    },
    {
      "x": 16,
      "y": 5,
      "width": 4,
      "height": 2
    },
    {
      "x": 9,
      "y": 9,
      "width": 2,
      "height": 4
    },
    {
      "x": 8,
      "y": 7,
      "width": 4,
      "height": 2
    },
    {
      "x": 4,
      "y": 10,
      "width": 4,
      "height": 2
    },
    {
      "x": 18,
      "y": 26,
      "width": 2,
      "height": 4
    },
    {
      "x": 13,
      "y": 6,
      "width": 4,
      "height": 2
    },
    {
      "x": 17,
      "y": 15,
      "width": 2,
      "height": 4
    },
    {
      "x": 21,
      "y": 7,
      "width": 4,
      "height": 2
    },
    {
      "x": 27,
      "y": 4,
      "width": 4,
      "height": 2
    },
    {
      "x": 33,
      "y": 19,
      "width": 4,
      "height": 2
    },
    {
      "x": 26,
      "y": 0,
      "width": 4,
      "height": 2
    },
    {
      "x": 9,
      "y": 17,
      "width": 4,
      "height": 2
    },
    {
      "x": 23,
      "y": 15,
      "width": 4,
      "height": 2
    },
    {
      "x": 7,
      "y": 25,
      "width": 4,
      "height": 2
    },
    {
      "x": 14,
      "y": 10,
      "width": 2,
      "height": 4
    },
    {
      "x": 32,
      "y": 10,
      "width": 4,
      "height": 2
    },
    {
      "x": 20,
      "y": 13,
      "width": 4,
      "height": 2
    },
    {
      "x": 31,
      "y": 5,
      "width": 2,
      "height": 4
    },
    {
      "x": 29,
      "y": 13,
      "width": 4,
      "height": 2
    },
    {
      "x": 9,
      "y": 21,
      "width": 4,
      "height": 2
    },
    {
      "x": 15,
      "y": 21,
      "width": 4,
      "height": 2
    },
    {
      "x": 30,
      "y": 6,
      "width": 4,
      "height": 2
    },
    {
      "x": 5,
      "y": 26,
      "width": 4,
      "height": 2
    },
    {
      "x": 33,
      "y": 12,
      "width": 2,
      "height": 4
    },
    {
      "x": 24,
      "y": 17,
      "width": 2,
      "height": 4
    },
    {
      "x": 10,
      "y": 6,
      "width": 4,
      "height": 2
    },
    {
      "x": 16,
      "y": 13,
      "width": 2,
      "height": 4
    }
  ]
}