{
  "width": 37,
  "height": 34,
  "start": {
    "x": 10,
    "y": 2
  },
  "finish": {
    "x": 3,
    "y": 32
  },
  "teleportIns": {
    "0": {
      "sequenceNumber": 0,
      "x": 23,
      "y": 10
    },
    "1": {
      "sequenceNumber": 1,
      "x": 21,
      "y": 1
    },
    "2": {
      "sequenceNumber": 2,
      "x": 15,
      "y": 2
    }
  },
  "teleportOuts": {
    "0": {
      "sequenceNumber": 0,
      "x": 10,
      "y": 13
    },
    "1": {
      "sequenceNumber": 1,
      "x": 20,
      "y": 30
    },
    "2": {
      "sequenceNumber": 2,
      "x": 13,
      "y": 20
    }
  },
  "rocks": [
    {
      "x": 33,
      "y": 6,
      "width": 4,
      "height": 2
    },
    {
      "x": 23,
      "y": 8,
      "width": 4,
      "height": 2
    },
    {
      "x": 26,
      "y": 27,
      "width": 4,
      "height": 2
    },
    {
      "x": 2,
      "y": 22,
      "width": 2,
      "height": 4
    },
    {
      "x": 26,
      "y": 18,
      "width": 2,
      "height": 4
    },
    {
      "x": 14,
      "y": 24,
      "width": 2,
      "height": 4
    },
    {
      "x": 12,
      "y": 21,
      "width": 2,
      "height": 4
    },
    {
      "x": 32,
      "y": 13,
      "width": 2,
      "height": 4
    },
    {
      "x": 12,
      "y": 32,
      "width": 4,
      "height": 2
    },
    {
      "x": 6,
      "y": 23,
      "width": 2,
      "height": 4
    },
    {
      "x": 1,
      "y": 0,
      "width": 4,
      "height": 2
    },
    {
      "x": 23,
      "y": 29,
      "width": 2,
      "height": 4
    },
    {
      "x": 33,
      "y": 8,
      "width": 4,
      "height": 2
    },
    {
      "x": 9,
      "y": 9,
      "width": 2,
      "height": 4
    },
    {
      "x": 16,
      "y": 12,
      "width": 2,
      "height": 4
    },
    {
      "x": 23,
      "y": 12,
      "width": 2,
      "height": 4
    },
    {
      "x": 3,
      "y": 26,
      "width": 4,
      "height": 2
    },
    {
      "x": 30,
      "y": 5,
      "width": 2,
      "height": 4
    },
    {
      "x": 9,
      "y": 5,
      "width": 4,
      "height": 2
    },
    {
      "x": 24,
      "y": 15,
      "width": 2,
      "height": 4
    },
    {
      "x": 29,
      "y": 9,
      "width": 4,
      "height": 2
    }
  ]
}