{
  "width": 26,
  "height": 45,
  "start": {
    "x": 15,
    "y": 36
  },
  "finish": {
    "x": 20,
    "y": 17
  },
  "checkpoints": [
    {
      "sequenceNumber": 0,
      "x": 20,
      "y": 41
    },
    {
      "sequenceNumber": 1,
      "x": 3,
      "y": 29
    }
  ],
  "teleportIns": {
    "0": {
      "sequenceNumber": 0,
      "x": 3,
      "y": 33
    },
    "1": {
      "sequenceNumber": 1,
      "x": 0,
      "y": 16
    },
    "2": {
      "sequenceNumber": 2,
      "x": 13,
      "y": 32
    }
  },
  "teleportOuts": {
    "0": {
      "sequenceNumber": 0,
      "x": 23,
      "y": 11
    },
    "1": {
      "sequenceNumber": 1,
      "x": 9,
      "y": 40
    },
    "2": {
      "sequenceNumber": 2,
      "x": 16,
      "y": 9
    }
  },
  "rocks": [
    {
      "x": 18,
      "y": 27,
      "width": 2,
      "height": 4
    },
    {
      "x": 18,
      "y": 37,
      "width": 4,
      "height": 2
    },
    {
      "x": 19,
      "y": 29,
      "width": 2,
      "height": 4
    },
    {
      "x": 2,
      "y": 21,
      "width": 2,
      "height": 4
    },
    {
      "x": 16,
      "y": 29,
      "width": 2,
      "height": 4
    },
    {
      "x": 11,
      "y": 1,
      "width": 2,
      "height": 4
    },
    {
      "x": 15,
      "y": 31,
      "width": 2,
      "height": 4
    },
    {
      "x": 0,
      "y": 40,
      "width": 4,
      "height": 2
    },
    {
      "x": 15,
      "y": 26,
      "width": 4,
      "height": 2
    },
    {
      "x": 9,
      "y": 36,
      "width": 4,
      "height": 2
    },
    {
      "x": 20,
      "y": 29,
      "width": 2,
      "height": 4
    },
    {
      "x": 16,
      "y": 30,
      "width": 2,
      "height": 4
    },
    {
      "x": 17,
      "y": 36,
      "width": 4,
      "height": 2
    },
    {
      "x": 6,
      "y": 13,
      "width": 4,
      "height": 2
    },
    {
      "x": 6,
      "y": 7,
      "width": 2,
      "height": 4
    },
    {
      "x": 11,
      "y": 17,
      "width": 2,
      "height": 4
    },
    {
      "x": 18,
      "y": 29,
      "width": 4,
      "height": 2
    },
    {
      "x": 14,
      "y": 29,
      "width": 4,
      "height": 2
    },
    {
      "x": 7,
      "y": 11,
      "width": 2,
      "height": 4
    },
    {
      "x": 17,
      "y": 39,
      "width": 4,
      "height": 2
    },
    {
      "x": 16,
      "y": 27,
      "width": 2,
      "height": 4
    },
    {
      "x": 5,
      "y": 34,
      "width": 4,
      "height": 2
    },
    {
      "x": 10,
      "y": 40,
      "width": 2,
      "height": 4
    },
    {
      "x": 12,
      "y": 26,
      "width": 4,
      "height": 2
    },
    {
      "x": 10,
      "y": 7,
      "width": 2,
      "height": 4
    },
    {
      "x": 21,
      "y": 2,
      "width": 4,
      "height": 2
    },
    {
      "x": 22,
      "y": 18,
      "width": 2,
      "height": 4
    },
    {
      "x": 4,
      "y": 17,
      "width": 4,
      "height": 2
    },
    {
      "x": 18,
      "y": 1,
      "width": 2,
      "height": 4
    },
    {
      "x": 12,
      "y": 38,
      "width": 2,
      "height": 4
    },
    {
      "x": 4,
      "y": 22,
      "width": 2,
      "height": 4
    },
    {
      "x": 2,
      "y": 20,
      "width": 2,
      "height": 4
    },
    {
      "x": 12,
      "y": 26,
      "width": 4,
      "height": 2
    },
    {
      "x": 0,
      "y": 28,
      "width": 2,
      "height": 4
    },
    {
      "x": 3,
      "y": 38,
      "width": 4,
      "height": 2
    },
    {
      "x": 15,
      "y": 19,
      "width": 2,
      "height": 4
    },
    {
      "x": 24,
      "y": 28,
      "width": 2,
      "height": 4
    },
    {
      "x": 8,
      "y": 15,
      "width": 2,
      "height": 4
    },
    {
      "x": 12,
      "y": 7,
      "width": 4,
      "height": 2
    },
    {
      "x": 19,
      "y": 26,
      "width": 4,
      "height": 2
    },
    {
      "x": 5,
      "y": 25,
      "width": 4,
      "height": 2
    },
    {
      "x": 20,
      "y": 7,
      "width": 2,
      "height": 4
    },
    {
      "x": 9,
      "y": 10,
      "width": 2,
      "height": 4
    },
    {
      "x": 1,
      "y": 26,
      "width": 2,
      "height": 4
    },
    {
      "x": 20,
      "y": 33,
      "width": 4,
      "height": 2
    }
  ]
}