{
  "width": 50,
  "height": 16,
  "start": {
    "x": 32,
    "y": 10
  },
  "finish": {
    "x": 36,
    "y": 4
  },
  "checkpoints": [
    {
      "sequenceNumber": 0,
      "x": 23,
      "y": 2
    },
    {
      "sequenceNumber": 1,
      "x": 12,
      "y": 3
    },
    {
      "sequenceNumber": 2,
      "x": 8,
      "y": 7
    },
    {
      "sequenceNumber": 3,
      "x": 17,
      "y": 11
    },
    {
      "sequenceNumber": 4,
      "x": 0,
      "y": 4
    }
  ],
  "teleportIns": {
    "0": {
      "sequenceNumber": 0,
      "x": 43,
      "y": 10
    }
  },
  "teleportOuts": {
    "0": {
      "sequenceNumber": 0,
      "x": 8,
      "y": 9
    }
  },
  "rocks": [
    {
      "x": 4,
      "y": 13,
      "width": 4,
      "height": 2
    },
    {
      "x": 3,
      "y": 7,
      "width": 4,
      "height": 2
    },
    {
      "x": 4,
      "y": 10,
      "width": 2,
      "height": 4
    },
    {
      "x": 41,
      "y": 3,
      "width": 4,
      "height": 2
    },
    {
      "x": 22,
      "y": 7,
      "width": 2,
      "height": 4
    },
    {
      "x": 2,
      "y": 4,
      "width": 2,
      "height": 4
    },
    {
      "x": 3,
      "y": 8,
      "width": 4,
      "height": 2
    },
    {
      "x": 0,
      "y": 9,
      "width": 4,
      "height": 2
    },
    {
      "x": 38,
      "y": 3,
      "width": 2,
      "height": 4
    },
    {
      "x": 32,
      "y": 12,
      "width": 2,
      "height": 4
    },
    {
      "x": 27,
      "y": 14,
      "width": 4,
      "height": 2
    },
    {
      "x": 47,
      "y": 10,
      "width": 2,
      "height": 4
    },
    {
      "x": 27,
      "y": 7,
      "width": 4,
      "height": 2
    },
    {
      "x": 43,
      "y": 11,
      "width": 4,
      "height": 2
    },
    {
      "x": 14,
      "y": 9,
      "width": 4,
      "height": 2
    },
    {
      "x": 12,
      "y": 14,
      "width": 4,
      "height": 2
    },
    {
      "x": 43,
      "y": 2,
      "width": 4,
      "height": 2
    },
    {
      "x": 39,
      "y": 6,
      "width": 4,
      "height": 2
    },
    {
      "x": 2,
      "y": 5,
      "width": 2,
      "height": 4
    },
    {
      "x": 35,
      "y": 2,
      "width": 2,
      "height": 4
    },
    {
      "x": 17,
      "y": 9,
      "width": 4,
      "height": 2
    },
    {
      "x": 23,
      "y": 11,
      "width": 4,
      "height": 2
    },
    {
      "x": 0,
      "y": 13,
      "width": 4,
      "height": 2
    },
    {
      "x": 10,
      "y": 0,
      "width": 4,
      "height": 2
    },
    {
      "x": 42,
      "y": 6,
      "width": 2,
      "height": 4
    },
    {
      "x": 7,
      "y": 12,
      "width": 4,
      "height": 2
    }
  ]
}