{
  "width": 36,
  "height": 15,
  "start": {
    "x": 16,
    "y": 12
  },
  "finish": {
    "x": 20,
    "y": 2
  },
  "checkpoints": [
    {
      "sequenceNumber": 0,
      "x": 4,
      "y": 2
    },
    {
      "sequenceNumber": 1,
      "x": 1,
      "y": 3
    }
  ],
  "teleportIns": {
    "0": {
      "sequenceNumber": 0,
      "x": 28,
      "y": 11
    },
    "1": {
      "sequenceNumber": 1,
      "x": 24,
      "y": 7
    }
  },
  "teleportOuts": {
    "0": {
      "sequenceNumber": 0,
      "x": 30,
      "y": 13
    },
    "1": {
      "sequenceNumber": 1,
      "x": 21,
      "y": 13
    }
  },
  "rocks": [
    {
      "x": 31,
      "y": 1,
      "width": 2,
      "height": 4
    },
    {
      "x": 6,
      "y": 13,
      "width": 4,
      "height": 2
    },
    {
      "x": 16,
      "y": 3,
      "width": 4,
      "height": 2
    },
    {
      "x": 16,
      "y": 7,
      "width": 4,
      "height": 2
    },
    {
      "x": 7,
      "y": 6,
      "width": 4,
      "height": 2
    },
    {
      "x": 14,
      "y": 4,
      "width": 4,
      "height": 2
    },
    {
      "x": 30,
      "y": 4,
      "width": 4,
      "height": 2
    },
    {
      "x": 11,
      "y": 9,
      "width": 4,
      "height": 2
    },
    {
      "x": 8,
      "y": 7,
      "width": 4,
      "height": 2
    },
    {
      "x": 26,
      "y": 7,
      "width": 2,
      "height": 4
    },
    {
      "x": 13,
      "y": 10,
      "width": 4,
      "height": 2
    },
    {
      "x": 32,
      "y": 11,
      "width": 2,
      "height": 4
    },
    {
      "x": 13,
      "y": 11,
      "width": 2,
      "height": 4
    },
    {
      "x": 29,
      "y": 2,
      "width": 4,
      "height": 2
    },
    {
      "x": 19,
      "y": 8,
      "width": 2,
      "height": 4
    },
    {
      "x": 32,
      "y": 1,
      "width": 2,
      "height": 4
    },
    {
      "x": 28,
      "y": 9,
      "width": 4,
      "height": 2
    },
    {
      "x": 0,
      "y": 12,
      "width": 4,
      "height": 2
    },
    {
      "x": 10,
      "y": 0,
      "width": 4,
      "height": 2
    },
    {
      "x": 6,
      "y": 11,
      "width": 2,
      "height": 4
    },
    {
      "x": 8,
      "y": 6,
      "width": 2,
      "height": 4
    },
    {
      "x": 32,
      "y": 1,
      "width": 2,
      "height": 4
    },
    {
      "x": 26,
      "y": 5,
      "width": 4,
      "height": 2
    },
    {
      "x": 26,
      "y": 13,
      "width": 4,
      "height": 2
    },
    {
      "x": 5,
      "y": 4,
      "width": 2,
      "height": 4
    },
    {
      "x": 19,
      "y": 4,
      "width": 2,
      "height": 4
    },
    {
      "x": 22,
      "y": 7,
      "width": 4,
      "height": 2
    },
    {
      "x": 14,
      "y": 9,
      "width": 2,
      "height": 4
    },
    {
      "x": 8,
      "y": 0,
      "width": 4,
      "height": 2
    },
    {
      "x": 4,
      "y": 8,
      "width": 4,
      "height": 2
    },
    {
      "x": 6,
      "y": 5,
      "width": 4,
      "height": 2
    },
    {
      "x": 12,
      "y": 4,
      "width": 2,
      "height": 4
    },
    {
      "x": 10,
      "y": 8,
      "width": 2,
      "height": 4
    },
    {
      "x": 18,
      "y": 5,
      "width": 2,
      "height": 4
    },
    {
      "x": 7,
      "y": 6,
      "width": 2,
      "height": 4
    },
    {
      "x": 10,
      "y": 5,
      "width": 4,
      "height": 2
    },
    {
      "x": 30,
      "y": 0,
      "width": 2,
      "height": 4
    },
    {
      "x": 29,
      "y": 5,
      "width": 2,
      "height": 4
    },
    {
      "x": 5,
      "y": 5,
      "width": 4,
      "height": 2
    },
    {
      "x": 7,
      "y": 6,
      "width": 2,
      "height": 4
    }
  ]
}