{
  "width": 25,
  "height": 12,
  "start": {
    "x": 19,
    "y": 2
  },
  "finish": {
    "x": 13,
    "y": 9
  },
  "checkpoints": [
    {
      "sequenceNumber": 0,
      "x": 16,
      "y": 7
    }
  ],
  "teleportIns": {
    "0": {
      "sequenceNumber": 0,
      "x": 2,
      "y": 7
    },
    "1": {
      "sequenceNumber": 1,
      "x": 23,
      "y": 4
    }
  },
  "teleportOuts": {
    "0": {
      "sequenceNumber": 0,
      "x": 20,
      "y": 0
    },
    "1": {
      "sequenceNumber": 1,
      "x": 9,
      "y": 7
    }
  },
  "rocks": [
    {
      "x": 5,
      "y": 7,
      "width": 2,
      "height": 4
    },
    {
      "x": 12,
      "y": 4,
      "width": 4,
      "height": 2
    },
    {
      "x": 9,
      "y": 4,
      "width": 2,
      "height": 4
    },
    {
      "x": 20,
      "y": 5,
      "width": 4,
      "height": 2
    },
    {
      "x": 18,
      "y": 5,
      "width": 4,
      "height": 2
    },
    {
      "x": 10,
      "y": 4,
      "width": 2,
      "height": 4
    },
    {
      "x": 23,
      "y": 5,
      "width": 2,
      "height": 4
    },
    {
      "x": 22,
      "y": 7,
      "width": 2,
      "height": 4
    },
    {
      "x": 14,
      "y": 0,
      "width": 4,
      "height": 2
    },
    {
      "x": 11,
      "y": 5,
      "width": 4,
      "height": 2
    },
    {
      "x": 18,
      "y": 6,
      "width": 4,
      "height": 2
    },
    {
      "x": 7,
      "y": 0,
      "width": 4,
      "height": 2
    },
    {
      "x": 10,
      "y": 7,
      "width": 4,
      "height": 2
    }
  ]
}