{
  "width": 29,
  "height": 33,
  "start": {
    "x": 24,
    "y": 14
  },
  "finish": {
    "x": 14,
    "y": 29
  },
  "checkpoints": [
    {
      "sequenceNumber": 0,
      "x": 1,
      "y": 11
    }
  ],
  "teleportIns": {
    "0": {
      "sequenceNumber": 0,
      "x": 1,
      "y": 17
    },
    "1": {
      "sequenceNumber": 1,
      "x": 26,
      "y": 0
    }
  },
  "teleportOuts": {
    "0": {
      "sequenceNumber": 0,
      "x": 25,
      "y": 9
    },
    "1": {
      "sequenceNumber": 1,
      "x": 4,
      "y": 4
    }
  },
  "rocks": [
    {
      "x": 13,
      "y": 20,
      "width": 4,
      "height": 2
    },
    {
      "x": 20,
      "y": 19,
      "width": 2,
      "height": 4
    }
  ]
}