{
  "width": 50,
  "height": 27,
  "start": {
    "x": 48,
    "y": 14
  },
  "finish": {
    "x": 22,
    "y": 9
  },
  "teleportIns": {
    "0": {
      "sequenceNumber": 0,
      "x": 31,
      "y": 24
    },
    "1": {
      "sequenceNumber": 1,
      "x": 30,
      "y": 10
    }
  },
  "teleportOuts": {
    "0": {
      "sequenceNumber": 0,
      "x": 13,
      "y": 9
    },
    "1": {
      "sequenceNumber": 1,
      "x": 35,
      "y": 15
    }
  },
  "rocks": [
    {
      "x": 44,
      "y": 14,
      "width": 4,
      "height": 2
    },
    {
      "x": 0,
      "y": 9,
      "width": 2,
      "height": 4
    },
    {
      "x": 22,
      "y": 15,
      "width": 4,
      "height": 2
    },
    {
      "x": 45,
      "y": 4,
      "width": 4,
      "height": 2
    },
    {
      "x": 8,
      "y": 6,
      "width": 4,
      "height": 2
    },
    {
      "x": 47,
      "y": 21,
      "width": 2,
      "height": 4
    },
    {
      "x": 25,
      "y": 22,
      "width": 4,
      "height": 2
    },
    {
      "x": 39,
      "y": 23,
      "width": 2,
      "height": 4
    },
    {
      "x": 29,
      "y": 22,
      "width": 4,
      "height": 2
    },
    {
      "x": 36,
      "y": 20,
      "width": 4,
      "height": 2
    },
    {
      "x": 35,
      "y": 12,
      "width": 2,
      "height": 4
    },
    {
      "x": 12,
      "y": 19,
      "width": 4,
      "height": 2
    },
    {
      "x": 16,
      "y": 5,
      "width": 2,
      "height": 4
    },
    {
      "x": 37,
      "y": 2,
      "width": 2,
      "height": 4
    },
    {
      "x": 21,
      "y": 8,
      "width": 4,
      "height": 2
    },
    {
      "x": 42,
      "y": 25,
      "width": 4,
      "height": 2
    },
    {
      "x": 31,
      "y": 9,
      "width": 2,
      "height": 4
    },
    {
      "x": 10,
      "y": 3,
      "width": 2,
      "height": 4
    },
    {
      "x": 7,
      "y": 13,
      "width": 4,
      "height": 2
    },
    {
      "x": 45,
      "y": 24,
      "width": 4,
      "height": 2
    },
    {
      "x": 47,
      "y": 1,
      "width": 2,
      "height": 4
    },
    {
      "x": 4,
      "y": 21,
      "width": 2,
      "height": 4
    },
    {
      "x": 0,
      "y": 15,
      "width": 4,
      "height": 2
    },
    {
      "x": 15,
      "y": 5,
      "width": 2,
      "height": 4
    },
    {
      "x": 32,
      "y": 22,
      "width": 4,
      "height": 2
    },
    {
      "x": 41,
      "y": 7,
      "width": 2,
      "height": 4
    },
    {
      "x": 30,
      "y": 7,
      "width": 4,
      "height": 2
    },
    {
      "x": 32,
      "y": 8,
      "width": 2,
      "height": 4
    },
    {
      "x": 31,
      "y": 20,
      "width": 4,
      "height": 2
    },
    {
      "x": 27,
      "y": 3,
      "width": 2,
      "height": 4
    },
    {
      "x": 48,
      "y": 6,
      "width": 2,
      "height": 4
    },
    {
      "x": 29,
      "y": 18,
      "width": 4,
      "height": 2
    },
    {
      "x": 21,
      "y": 18,
      "width": 2,
      "height": 4
    },
    {
      "x": 45,
      "y": 4,
      "width": 2,
      "height": 4
    },
    {
      "x": 33,
      "y": 10,
      "width": 2,
      "height": 4
    },
    {
      "x": 37,
      "y": 16,
      "width": 2,
      "height": 4
    },
    {
      "x": 31,
      "y": 12,
      "width": 4,
      "height": 2
    },
    {
      "x": 47,
      "y": 18,
      "width": 2,
      "height": 4
    }
  ]
}