{
  "width": 31,
  "height": 22,
  "start": {
    "x": 1,
    "y": 9
  },
  "finish": {
    "x": 26,
    "y": 13
  },
  "checkpoints": [
    {
      "sequenceNumber": 0,
      "x": 22,
      "y": 5
    },
    {
      "sequenceNumber": 1,
      "x": 26,
      "y": 11
    },
    {
      "sequenceNumber": 2,
      "x": 11,
      "y": 6
    },
    {
      "sequenceNumber": 3,
      "x": 7,
      "y": 12
    }
  ],
  "teleportIns": {
    "0": {
      "sequenceNumber": 0,
      "x": 9,
      "y": 11
    },
    "1": {
      "sequenceNumber": 1,
      "x": 21,
      "y": 13
    },
    "2": {
      "sequenceNumber": 2,
      "x": 7,
      "y": 8
    },
    "3": {
      "sequenceNumber": 3,
      "x": 20,
      "y": 20
    }
  },
  "teleportOuts": {
    "0": {
      "sequenceNumber": 0,
      "x": 11,
      "y": 18
    },
    "1": {
      "sequenceNumber": 1,
      "x": 2,
      "y": 14
    },
    "2": {
      "sequenceNumber": 2,
      "x": 6,
      "y": 5
    },
    "3": {
      "sequenceNumber": 3,
      "x": 15,
      "y": 18
    }
  },
  "rocks": [
    {
      "x": 24,
      "y": 13,
      "width": 2,
      "height": 4
    },
    {
      "x": 12,
      "y": 15,
      "width": 2,
      "height": 4
    },
    {
      "x": 19,
      "y": 7,
      "width": 2,
      "height": 4
    },
    {
      "x": 0,
      "y": 3,
      "width": 4,
      "height": 2
    },
    {
      "x": 25,
      "y": 4,
      "width": 2,
      "height": 4
    },
    {
      "x": 1,
      "y": 18,
      "width": 4,
      "height": 2
    },
    {
      "x": 3,
      "y": 12,
      "width": 4,
      "height": 2
    },
    {
      "x": 19,
      "y": 18,
      "width": 2,
      "height": 4
    },
    {
      "x": 27,
      "y": 20,
      "width": 4,
      "height": 2
    },
    {
      "x": 17,
      "y": 4,
      "width": 4,
      "height": 2
    },
    {
      "x": 17,
      "y": 6,
      "width": 4,
      "height": 2
    },
    {
      "x": 21,
      "y": 2,
      "width": 4,
      "height": 2
    },
    {
      "x": 29,
      "y": 4,
      "width": 2,
      "height": 4
    },
    {
      "x": 10,
      "y": 2,
      "width": 4,
      "height": 2
    },
    {
      "x": 29,
      "y": 7,
      "width": 2,
      "height": 4
    },
    {
      "x": 5,
      "y": 17,
      "width": 4,
      "height": 2
    },
    {
      "x": 9,
      "y": 10,
      "width": 2,
      "height": 4
    },
    {
      "x": 26,
      "y": 4,
      "width": 2,
      "height": 4
    },
    {
      "x": 29,
      "y": 14,
      "width": 2,
      "height": 4
    }
  ]
}