{
  "width": 38,
  "height": 11,
  "start": {
    "x": 24,
    "y": 5
  },
  "finish": {
    "x": 28,
    "y": 4
  },
  "checkpoints": [
    {
      "sequenceNumber": 0,
      "x": 26,
      "y": 0
    },
    {
      "sequenceNumber": 1,
      "x": 9,
      "y": 8
    },
    {
      "sequenceNumber": 2,
      "x": 25,
      "y": 7
    },
    {
      "sequenceNumber": 3,
      "x": 11,
      "y": 3
    }
  ],
  "teleportIns": {
    "0": {
      "sequenceNumber": 0,
      "x": 31,
      "y": 3
    }
  },
  "teleportOuts": {
    "0": {
      "sequenceNumber": 0,
      "x": 10,
      "y": 7
    }
  },
  "rocks": [
    {
      "x": 13,
      "y": 4,
      "width": 2,
      "height": 4
    },
    {
      "x": 1,
      "y": 7,
      "width": 2,
      "height": 4
    },
    {
      "x": 34,
      "y": 4,
      "width": 4,
      "height": 2
    },
    {
      "x": 17,
      "y": 5,
      "width": 2,
      "height": 4
    }
  ]
}