{
  "width": 29,
  "height": 30,
  "start": {
    "x": 25,
    "y": 25
  },
  "finish": {
    "x": 12,
    "y": 25
  },
  "teleportIns": {
    "0": {
      "sequenceNumber": 0,
      "x": 11,
      "y": 8
    },
    "1": {
      "sequenceNumber": 1,
      "x": 26,
      "y": 12
    }
  },
  "teleportOuts": {
    "0": {
      "sequenceNumber": 0,
      "x": 20,
      "y": 13
    },
    "1": {
      "sequenceNumber": 1,
      "x": 14,
      "y": 19
    }
  },
  "rocks": [
    {
      "x": 15,
      "y": 17,
      "width": 4,
      "height": 2
    },
    {
      "x": 7,
      "y": 7,
      "width": 2,
      "height": 4
    },
    {
      "x": 9,
      "y": 7,
      "width": 2,
      "height": 4
    },
    {
      "x": 10,
      "y": 17,
      "width": 2,
      "height": 4
    },
    {
      "x": 21,
      "y": 12,
      "width": 2,
      "height": 4
    },
    {
      "x": 15,
      "y": 20,
      "width": 2,
      "height": 4
    },
    {
      "x": 16,
      "y": 16,
      "width": 4,
      "height": 2
    },
    {
      "x": 6,
      "y": 14,
      "width": 2,
      "height": 4
    },
    {
      "x": 25,
      "y": 15,
      "width": 4,
      "height": 2
    },
    {
      "x": 27,
      "y": 7,
      "width": 2,
      "height": 4
    },
    {
      "x": 24,
      "y": 17,
      "width": 2,
      "height": 4
    },
    {
      "x": 12,
      "y": 21,
      "width": 2,
      "height": 4
    },
    {
      "x": 20,
      "y": 19,
      "width": 2,
      "height": 4
    },
    {
      "x": 6,
      "y": 1,
      "width": 2,
      "height": 4
    },
    {
      "x": 2,
      "y": 27,
      "width": 4,
      "height": 2
    },
    {
      "x": 21,
      "y": 1,
      "width": 4,
      "height": 2
    },
    {
      "x": 13,
      "y": 15,
      "width": 4,
      "height": 2
    },
    {
      "x": 18,
      "y": 3,
      "width": 2,
      "height": 4
    },
    {
      "x": 3,
      "y": 21,
      "width": 4,
      "height": 2
    },
    {
      "x": 18,
      "y": 21,
      "width": 2,
      "height": 4
    },
    {
      "x": 16,
      "y": 18,
      "width": 2,
      "height": 4
    },
    {
      "x": 16,
      "y": 17,
      "width": 2,
      "height": 4
    },
    {
      "x": 21,
      "y": 26,
      "width": 4,
      "height": 2
    },
    {
      "x": 23,
      "y": 7,
      "width": 2,
      "height": 4
    },
    {
      "x": 15,
      "y": 26,
      "width": 4,
      "height": 2
    },
    {
      "x": 25,
      "y": 5,
      "width": 2,
      "height": 4
    },
    {
      "x": 26,
      "y": 13,
      "width": 2,
      "height": 4
    },
    {
      "x": 21,
      "y": 11,
      "width": 2,
      "height": 4
    },
    {
      "x": 0,
      "y": 8,
      "width": 4,
      "height": 2
    },
    {
      "x": 18,
      "y": 24,
      "width": 4,
      "height": 2
    },
    {
      "x": 19,
      "y": 2,
      "width": 2,
      "height": 4
    },
    {
      "x": 20,
      "y": 2,
      "width": 2,
      "height": 4
    },
    {
      "x": 23,
      "y": 24,
      "width": 2,
      "height": 4
    },
    {
      "x": 14,
      "y": 27,
      "width": 4,
      "height": 2
    },
    {
      "x": 11,
      "y": 7,
      "width": 4,
      "height": 2
    },
    {
      "x": 16,
      "y": 17,
      "width": 2,
      "height": 4
    },
    {
      "x": 2,
      "y": 7,
      "width": 2,
      "height": 4
    },
    {
      "x": 22,
      "y": 8,
      "width": 4,
      "height": 2
    }
  ]
}