{
  "width": 18,
  "height": 14,
  "start": {
    "x": 6,
    "y": 11
  },
  "finish": {
    "x": 6,
    "y": 8
  },
  "checkpoints": [
    {
      "sequenceNumber": 0,
      "x": 8,
      "y": 4
    }
  ],
  "teleportIns": {
    "0": {
      "sequenceNumber": 0,
      "x": 13,
      "y": 3
    }
  },
  "teleportOuts": {
    "0": {
      "sequenceNumber": 0,
      "x": 6,
      "y": 1
    }
  },
  "rocks": [
    {
      "x": 3,
      "y": 9,
      "width": 2,
      "height": 4
    },
    {
      "x": 11,
      "y": 0,
      "width": 2,
      "height": 4
    },
    {
      "x": 1,
      "y": 6,
      "width": 4,
      "height": 2
    },
    {
      "x": 3,
      "y": 8,
      "width": 4,
      "height": 2
    },
    {
      "x": 13,
      "y": 5,
      "width": 2,
      "height": 4
    },
    {
      "x": 1,
      "y": 7,
      "width": 4,
      "height": 2
    },
    {
      "x": 12,
      "y": 9,
      "width": 2,
      "height": 4
    },
    {
      "x": 16,
      "y": 1,
      "width": 2,
      "height": 4
    },
    {
      "x": 1,
      "y": 0,
      "width": 2,
      "height": 4
    },
    {
      "x": 14,
      "y": 7,
      "width": 4,
      "height": 2
    },
    {
      "x": 2,
      "y": 6,
      "width": 2,
      "height": 4
    },
    {
      "x": 3,
      "y": 4,
      "width": 2,
      "height": 4
    },
    {
      "x": 7,
      "y": 7,
      "width": 4,
      "height": 2
    },
    {
      "x": 0,
      "y": 7,
      "width": 4,
      "height": 2
    },
    {
      "x": 14,
      "y": 7,
      "width": 2,
      "height": 4
    },
    {
      "x": 0,
      "y": 7,
      "width": 4,
      "height": 2
    },
    {
      "x": 9,
      "y": 7,
      "width": 2,
      "height": 4
    },
    {
      "x": 3,
      "y": 9,
      "width": 2,
      "height": 4
    },
    {
      "x": 2,
      "y": 5,
      "width": 4,
      "height": 2
    }
  ]
}