{
  "width": 37,
  "height": 15,
  "start": {
    "x": 32,
    "y": 13
  },
  "finish": {
    "x": 1,
    "y": 10
  },
  "checkpoints": [
    {
      "sequenceNumber": 0,
      "x": 12,
      "y": 12
    },
    {
      "sequenceNumber": 1,
      "x": 18,
      "y": 8
    },
    {
      "sequenceNumber": 2,
      "x": 17,
      "y": 2
    },
    {
      "sequenceNumber": 3,
      "x": 4,
      "y": 3
    },
    {
      "sequenceNumber": 4,
      "x": 14,
      "y": 10
    }
  ],
  "teleportIns": {
    "0": {
      "sequenceNumber": 0,
      "x": 3,
      "y": 6
    },
    "1": {
      "sequenceNumber": 1,
      "x": 3,
      "y": 11
    }
  },
  "teleportOuts": {
    "0": {
      "sequenceNumber": 0,
      "x": 6,
      "y": 11
    },
    "1": {
      "sequenceNumber": 1,
      "x": 13,
      "y": 7
    }
  },
  "rocks": [
    {
      "x": 16,
      "y": 0,
      "width": 2,
      "height": 4
    },
    {
      "x": 20,
      "y": 9,
      "width": 2,
      "height": 4
    },
    {
      "x": 27,
      "y": 3,
      "width": 2,
      "height": 4
    },
    {
      "x": 2,
      "y": 11,
      "width": 2,
      "height": 4
    },
    {
      "x": 7,
      "y": 11,
      "width": 2,
      "height": 4
    }
  ]
}