{
  "width": 27,
  "height": 35,
  "start": {
    "x": 0,
    "y": 10
  },
  "finish": {
    "x": 4,
    "y": 21
  },
  "teleportIns": {
    "0": {
      "sequenceNumber": 0,
      "x": 14,
      "y": 8
    },
    "1": {
      "sequenceNumber": 1,
      "x": 21,
      "y": 32
    },
    "2": {
      "sequenceNumber": 2,
      "x": 7,
      "y": 9
    }
  },
  "teleportOuts": {
    "0": {
      "sequenceNumber": 0,
      "x": 8,
      "y": 0
    },
    "1": {
      "sequenceNumber": 1,
      "x": 0,
      "y": 3
    },
    "2": {
      "sequenceNumber": 2,
      "x": 1,
      "y": 27
    }
  },
  "rocks": [
    {
      "x": 13,
      "y": 28,
      "width": 4,
      "height": 2
    },
    {
      "x": 8,
      "y": 23,
      "width": 2,
      "height": 4
    },
    {
      "x": 23,
      "y": 31,
      "width": 2,
      "height": 4
    },
    {
      "x": 13,
      "y": 26,
      "width": 4,
      "height": 2
    },
    {
      "x": 15,
      "y": 28,
      "width": 2,
      "height": 4
    },
    {
      "x": 20,
      "y": 6,
      "width": 4,
      "height": 2
    },
    {
      "x": 2,
      "y": 18,
      "width": 2,
      "height": 4
    },
    {
      "x": 23,
      "y": 9,
      "width": 2,
      "height": 4
    },
    {
      "x": 10,
      "y": 4,
      "width": 2,
      "height": 4
    },
    {
      "x": 23,
      "y": 21,
      "width": 4,
      "height": 2
    },
    {
      "x": 9,
      "y": 1,
      "width": 4,
      "height": 2
    },
    {
      "x": 0,
      "y": 0,
      "width": 2,
      "height": 4
    },
    {
      "x": 12,
      "y": 8,
      "width": 4,
      "height": 2
    },
    {
      "x": 11,
      "y": 1,
      "width": 2,
      "height": 4
    },
    {
      "x": 6,
      "y": 16,
      "width": 4,
      "height": 2
    },
    {
      "x": 17,
      "y": 6,
      "width": 2,
      "height": 4
    },
    {
      "x": 20,
      "y": 16,
      "width": 2,
      "height": 4
    },
    {
      "x": 4,
      "y": 13,
      "width": 4,
      "height": 2
    },
    {
      "x": 14,
      "y": 23,
      "width": 2,
      "height": 4
    },
    {
      "x": 13,
      "y": 33,
      "width": 4,
      "height": 2
    },
    {
      "x": 18,
      "y": 29,
      "width": 2,
      "height": 4
    },
    {
      "x": 18,
      "y": 32,
      "width": 4,
      "height": 2
    },
    {
      "x": 13,
      "y": 21,
      "width": 2,
      "height": 4
    }
  ]
}