{
  "width": 33,
  "height": 29,
  "start": {
    "x": 4,
    "y": 12
  },
  "finish": {
    "x": 5,
    "y": 27
  },
  "checkpoints": [
    {
      "sequenceNumber": 0,
      "x": 29,
      "y": 15
    },
    {
      "sequenceNumber": 1,
      "x": 25,
      "y": 26
    },
    {
      "sequenceNumber": 2,
      "x": 21,
      "y": 19
    },
    {
      "sequenceNumber": 3,
      "x": 8,
      "y": 5
    },
    {
      "sequenceNumber": 4,
      "x": 16,
      "y": 12
    }
  ],
  "rocks": [
    {
      "x": 2,
      "y": 23,
      "width": 2,
      "height": 4
    },
    {
      "x": 6,
      "y": 19,
      "width": 4,
      "height": 2
    },
    {
      "x": 27,
      "y": 25,
      "width": 2,
      "height": 4
    },
    {
      "x": 25,
      "y": 14,
      "width": 4,
      "height": 2
    },
    {
      "x": 22,
      "y": 16,
      "width": 2,
      "height": 4
    },
    {
      "x": 22,
      "y": 21,
      "width": 4,
      "height": 2
    },
    {
      "x": 13,
      "y": 14,
      "width": 4,
      "height": 2
    },
    {
      "x": 4,
      "y": 15,
      "width": 2,
      "height": 4
    },
    {
      "x": 2,
      "y": 14,
      "width": 4,
      "height": 2
    },
    {
      "x": 15,
      "y": 11,
      "width": 4,
      "height": 2
    },
    {
      "x": 7,
      "y": 1,
      "width": 2,
      "height": 4
    },
    {
      "x": 21,
      "y": 11,
      "width": 4,
      "height": 2
    },
    {
      "x": 18,
      "y": 2,
      "width": 4,
      "height": 2
    },
    {
      "x": 17,
      "y": 6,
      "width": 4,
      "height": 2
    },
    {
      "x": 9,
      "y": 15,
      "width": 4,
      "height": 2
    },
    {
      "x": 26,
      "y": 13,
      "width": 4,
      "height": 2
    }
  ]
}