{
  "width": 23,
  "height": 46,
  "start": {
    "x": 10,
    "y": 33
  },
  "finish": {
    "x": 10,
    "y": 38
  },
  "checkpoints": [
    {
      "sequenceNumber": 0,
      "x": 8,
      "y": 7
    },
    {
      "sequenceNumber": 1,
      "x": 8,
      "y": 12
    },
    {
      "sequenceNumber": 2,
      "x": 10,
      "y": 0
    },
    {
      "sequenceNumber": 3,
      "x": 3,
      "y": 29
    }
  ],
  "teleportIns": {
    "0": {
      "sequenceNumber": 0,
      "x": 7,
      "y": 10
    }
  },
  "teleportOuts": {
    "0": {
      "sequenceNumber": 0,
      "x": 18,
      "y": 36
    }
  },
  "rocks": [
    {
      "x": 18,
      "y": 40,
      "width": 4,
      "height": 2
    },
    {
      "x": 18,
      "y": 3,
      "width": 2,
      "height": 4
    },
    {
      "x": 4,
      "y": 42,
      "width": 2,
      "height": 4
    },
    {
      "x": 15,
      "y": 32,
      "width": 4,
      "height": 2
    },
    {
      "x": 13,
      "y": 17,
      "width": 4,
      "height": 2
    },
    {
      "x": 6,
      "y": 34,
      "width": 4,
      "height": 2
    },
    {
      "x": 6,
      "y": 12,
      "width": 2,
      "height": 4
    },
    {
      "x": 12,
      "y": 36,
      "width": 2,
      "height": 4
    }
  ]
}