{
  "width": 48,
  "height": 40,
  "start": {
    "x": 0,
    "y": 16
  },
  "finish": {
    "x": 30,
    "y": 22
  },
  "checkpoints": [
    {
      "sequenceNumber": 0,
      "x": 16,
      "y": 16
    },
    {
      "sequenceNumber": 1,
      "x": 40,
      "y": 29
    }
  ],
  "teleportIns": {
    "0": {
      "sequenceNumber": 0,
      "x": 13,
      "y": 38
    },
    "1": {
      "sequenceNumber": 1,
      "x": 23,
      "y": 9
    }
  },
  "teleportOuts": {
    "0": {
      "sequenceNumber": 0,
      "x": 3,
      "y": 22
    },
    "1": {
      "sequenceNumber": 1,
      "x": 23,
      "y": 28
    }
  },
  "rocks": [
    {
      "x": 5,
      "y": 1,
      "width": 4,
      "height": 2
    },
    {
      "x": 26,
      "y": 7,
      "width": 4,
      "height": 2
    },
    {
      "x": 34,
      "y": 19,
      "width": 4,
      "height": 2
    },
    {
      "x": 8,
      "y": 10,
      "width": 2,
      "height": 4
    },
    {
      "x": 26,
      "y": 22,
      "width": 4,
      "height": 2
    },
    {
      "x": 1,
      "y": 33,
      "width": 2,
      "height": 4
    },
    {
      "x": 9,
      "y": 37,
      "width": 4,
      "height": 2
    },
    {
      "x": 1,
      "y": 31,
      "width": 4,
      "height": 2
    },
    {
      "x": 25,
      "y": 18,
      "width": 4,
      "height": 2
    },
    {
      "x": 8,
      "y": 34,
      "width": 2,
      "height": 4
    },
    {
      "x": 42,
      "y": 6,
      "width": 4,
      "height": 2
    },
    {
      "x": 18,
      "y": 36,
      "width": 2,
      "height": 4
    },
    {
      "x": 25,
      "y": 34,
      "width": 2,
      "height": 4
    },
    {
      "x": 25,
      "y": 7,
      "width": 4,
      "height": 2
    },
    {
      "x": 9,
      "y": 25,
      "width": 4,
      "height": 2
    },
    {
      "x": 30,
      "y": 19,
      "width": 2,
      "height": 4
    },
    {
      "x": 8,
      "y": 9,
      "width": 2,
      "height": 4
    },
    {
      "x": 26,
      "y": 16,
      "width": 4,
      "height": 2
    },
    {
      "x": 9,
      "y": 32,
      "width": 2,
      "height": 4
    },
    {
      "x": 41,
      "y": 27,
      "width": 4,
      "height": 2
    },
    {
      "x": 26,
      "y": 20,
      "width": 4,
      "height": 2
    },
    {
      "x": 45,
      "y": 23,
      "width": 2,
      "height": 4
    },
    {
      "x": 20,
      "y": 9,
      "width": 4,
      "height": 2
    },
    {
      "x": 36,
      "y": 26,
      "width": 2,
      "height": 4
    },
    {
      "x": 3,
      "y": 3,
      "width": 2,
      "height": 4
    },
    {
      "x": 2,
      "y": 1,
      "width": 4,
      "height": 2
    },
    {
      "x": 27,
      "y": 19,
      "width": 4,
      "height": 2
    },
    {
      "x": 23,
      "y": 34,
      "width": 2,
      "height": 4
    },
    {
      "x": 10,
      "y": 33,
      "width": 2,
      "height": 4
    },
    {
      "x": 4,
      "y": 10,
      "width": 4,
      "height": 2
    },
    {
      "x": 31,
      "y": 16,
      "width": 2,
      "height": 4
    },
    {
      "x": 44,
      "y": 3,
      "width": 2,
      "height": 4
    },
    {
      "x": 14,
      "y": 5,
      "width": 4,
      "height": 2
    },
    {
      "x": 39,
      "y": 33,
      "width": 4,
      "height": 2
    },
    {
      "x": 26,
      "y": 1,
      "width": 2,
      "height": 4
    },
    {
      "x": 11,
      "y": 32,
      "width": 2,
      "height": 4
    },
    {
      "x": 13,
      "y": 13,
      "width": 4,
      "height": 2
    },
    {
      "x": 26,
      "y": 36,
      "width": 4,
      "height": 2
    },
    {
      "x": 41,
      "y": 17,
      "width": 4,
      "height": 2
    },
    {
      "x": 28,
      "y": 2,
      "width": 4,
      "height": 2
    },
    {
      "x": 38,
      "y": 24,
      "width": 2,
      "height": 4
    },
    {
      "x": 19,
      "y": 35,
      "width": 2,
      "height": 4
    },
    {
      "x": 45,
      "y": 6,
      "width": 2,
      "height": 4
    },
    {
      "x": 15,
      "y": 0,
      "width": 4,
      "height": 2
    }
  ]
}