{
  "width": 33,
  "height": 43,
  "start": {
    "x": 2,
    "y": 22
  },
  "finish": {
    "x": 31,
    "y": 13
  },
  "checkpoints": [
    {
      "sequenceNumber": 0,
      "x": 26,
      "y": 25
    }
  ],
  "teleportIns": {
    "0": {
      "sequenceNumber": 0,
      "x": 0,
      "y": 9
    },
    "1": {
      "sequenceNumber": 1,
      "x": 31,
      "y": 31
    },
    "2": {
      "sequenceNumber": 2,
      "x": 6,
      "y": 22
    }
  },
  "teleportOuts": {
    "0": {
      "sequenceNumber": 0,
      "x": 13,
      "y": 33
    },
    "1": {
      "sequenceNumber": 1,
      "x": 25,
      "y": 14
    },
    "2": {
      "sequenceNumber": 2,
      "x": 15,
      "y": 25
    }
  },
  "rocks": [
    {
      "x": 16,
      "y": 1,
      "width": 4,
      "height": 2
    },
    {
      "x": 19,
      "y": 4,
      "width": 4,
      "height": 2
    },
    {
      "x": 8,
      "y": 30,
      "width": 2,
      "height": 4
    },
    {
      "x": 20,
      "y": 9,
      "width": 2,
      "height": 4
    },
    {
      "x": 7,
      "y": 22,
      "width": 2,
      "height": 4
    },
    {
      "x": 23,
      "y": 32,
      "width": 2,
      "height": 4
    },
    {
      "x": 21,
      "y": 25,
      "width": 4,
      "height": 2
    },
    {
      "x": 17,
      "y": 0,
      "width": 2,
      "height": 4
    },
    {
      "x": 4,
      "y": 17,
      "width": 4,
      "height": 2
    },
    {
      "x": 21,
      "y": 33,
      "width": 2,
      "height": 4
    },
    {
      "x": 30,
      "y": 31,
      "width": 2,
      "height": 4
    },
    {
      "x": 27,
      "y": 19,
      "width": 4,
      "height": 2
    },
    {
      "x": 14,
      "y": 29,
      "width": 2,
      "height": 4
    },
    {
      "x": 26,
      "y": 7,
      "width": 4,
      "height": 2
    },
    {
      "x": 29,
      "y": 26,
      "width": 2,
      "height": 4
    },
    {
      "x": 9,
      "y": 33,
      "width": 4,
      "height": 2
    },
    {
      "x": 2,
      "y": 31,
      "width": 4,
      "height": 2
    },
    {
      "x": 16,
      "y": 9,
      "width": 4,
      "height": 2
    },
    {
      "x": 15,
      "y": 14,
      "width": 4,
      "height": 2
    },
    {
      "x": 18,
      "y": 2,
      "width": 4,
      "height": 2
    },
    {
      "x": 14,
      "y": 17,
      "width": 4,
      "height": 2
    },
    {
      "x": 28,
      "y": 34,
      "width": 2,
      "height": 4
    },
    {
      "x": 21,
      "y": 9,
      "width": 4,
      "height": 2
    },
    {
      "x": 20,
      "y": 19,
      "width": 2,
      "height": 4
    },
    {
      "x": 28,
      "y": 11,
      "width": 4,
      "height": 2
    },
    {
      "x": 3,
      "y": 31,
      "width": 2,
      "height": 4
    },
    {
      "x": 6,
      "y": 24,
      "width": 2,
      "height": 4
    },
    {
      "x": 17,
      "y": 0,
      "width": 4,
      "height": 2
    },
    {
      "x": 23,
      "y": 29,
      "width": 4,
      "height": 2
    },
    {
      "x": 15,
      "y": 38,
      "width": 2,
      "height": 4
    },
    {
      "x": 16,
      "y": 37,
      "width": 2,
      "height": 4
    },
    {
      "x": 7,
      "y": 22,
      "width": 4,
      "height": 2
    },
    {
      "x": 18,
      "y": 2,
      "width": 2,
      "height": 4
    },
    {
      "x": 21,
      "y": 32,
      "width": 4,
      "height": 2
    },
    {
      "x": 1,
      "y": 33,
      "width": 4,
      "height": 2
    },
    {
      "x": 28,
      "y": 4,
      "width": 4,
      "height": 2
    },
    {
      "x": 28,
      "y": 14,
      "width": 4,
      "height": 2
    },
    {
      "x": 13,
      "y": 36,
      "width": 2,
      "height": 4
    },
    {
      "x": 28,
      "y": 4,
      "width": 2,
      "height": 4
    },
    {
      "x": 5,
      "y": 24,
      "width": 4,
      "height": 2
    },
    {
      "x": 17,
      "y": 10,
      "width": 2,
      "height": 4
    }
  ]
}