{
  "width": 41,
  "height": 45,
  "start": {
    "x": 1,
    "y": 34
  },
  "finish": {
    "x": 5,
    "y": 26
  },
  "checkpoints": [
    {
      "sequenceNumber": 0,
      "x": 27,
      "y": 31
    },
    {
      "sequenceNumber": 1,
      "x": 7,
      "y": 13
    },
    {
      "sequenceNumber": 2,
      "x": 25,
      "y": 26
    }
  ],
  "rocks": [
    {
      "x": 31,
      "y": 26,
      "width": 4,
      "height": 2
    },
    {
      "x": 8,
      "y": 10,
      "width": 4,
      "height": 2
    },
    {
      "x": 10,
      "y": 34,
      "width": 4,
      "height": 2
    },
    {
      "x": 16,
      "y": 1,
      "width": 4,
      "height": 2
    },
    {
      "x": 36,
      "y": 25,
      "width": 4,
      "height": 2
    },
    {
      "x": 10,
      "y": 35,
      "width": 4,
      "height": 2
    },
    {
      "x": 35,
      "y": 26,
      "width": 2,
      "height": 4
    },
    {
      "x": 30,
      "y": 18,
      "width": 2,
      "height": 4
    },
    {
      "x": 6,
      "y": 0,
      "width": 2,
      "height": 4
    },
    {
      "x": 9,
      "y": 25,
      "width": 4,
      "height": 2
    },
    {
      "x": 33,
      "y": 27,
      "width": 4,
      "height": 2
    },
    {
      "x": 19,
      "y": 9,
      "width": 2,
      "height": 4
    },
    {
      "x": 15,
      "y": 32,
      "width": 4,
      "height": 2
    },
    {
      "x": 36,
      "y": 12,
      "width": 4,
      "height": 2
    },
    {
      "x": 22,
      "y": 35,
      "width": 2,
      "height": 4
    },
    {
      "x": 24,
      "y": 7,
      "width": 4,
      "height": 2
    },
    {
      "x": 34,
      "y": 15,
      "width": 2,
      "height": 4
    },
    {
      "x": 24,
      "y": 39,
      "width": 2,
      "height": 4
    },
    {
      "x": 8,
      "y": 30,
      "width": 4,
      "height": 2
    },
    {
      "x": 24,
      "y": 36,
      "width": 2,
      "height": 4
    },
    {
      "x": 36,
      "y": 1,
      "width": 2,
      "height": 4
    },
    {
      "x": 13,
      "y": 31,
      "width": 4,
      "height": 2
    },
    {
      "x": 13,
      "y": 8,
      "width": 2,
      "height": 4
    },
    {
      "x": 17,
      "y": 17,
      "width": 4,
      "height": 2
    },
    {
      "x": 14,
      "y": 37,
      "width": 2,
      "height": 4
    },
    {
      "x": 11,
      "y": 12,
      "width": 4,
      "height": 2
    },
    {
      "x": 19,
      "y": 36,
      "width": 2,
      "height": 4
    },
    {
      "x": 16,
      "y": 2,
      "width": 4,
      "height": 2
    },
    {
      "x": 7,
      "y": 1,
      "width": 4,
      "height": 2
    },
    {
      "x": 0,
      "y": 13,
      "width": 4,
      "height": 2
    },
    {
      "x": 30,
      "y": 1,
      "width": 2,
      "height": 4
    },
    {
      "x": 38,
      "y": 18,
      "width": 2,
      "height": 4
    },
    {
      "x": 27,
      "y": 22,
      "width": 2,
      "height": 4
    },
    {
      "x": 9,
      "y": 33,
      "width": 2,
      "height": 4
    },
    {
      "x": 12,
      "y": 31,
      "width": 2,
      "height": 4
    },
    {
      "x": 16,
      "y": 7,
      "width": 4,
      "height": 2
    },
    {
      "x": 29,
      "y": 14,
      "width": 4,
      "height": 2
    },
    {
      "x": 32,
      "y": 32,
      "width": 2,
      "height": 4
    },
    {
      "x": 15,
      "y": 37,
      "width": 4,
      "height": 2
    },
    {
      "x": 13,
      "y": 33,
      "width": 4,
      "height": 2
    },
    {
      "x": 36,
      "y": 42,
      "width": 4,
      "height": 2
    },
    {
      "x": 28,
      "y": 7,
      "width": 2,
      "height": 4
    },
    {
      "x": 19,
      "y": 6,
      "width": 4,
      "height": 2
    }
  ]
}