{
  "width": 31,
  "height": 26,
  "start": {
    "x": 1,
    "y": 15
  },
  "finish": {
    "x": 19,
    "y": 6
  },
  "checkpoints": [
    {
      "sequenceNumber": 0,
      "x": 25,
      "y": 15
    },
    {
      "sequenceNumber": 1,
      "x": 4,
      "y": 21
    },
    {
      "sequenceNumber": 2,
      "x": 0,
      "y": 11
    },
    {
      "sequenceNumber": 3,
      "x": 15,
      "y": 24
    },
    {
      "sequenceNumber": 4,
      "x": 26,
      "y": 12
    }
  ],
  "rocks": [
    {
      "x": 2,
      "y": 3,
      "width": 4,
      "height": 2
    },
    {
      "x": 7,
      "y": 18,
      "width": 2,
      "height": 4
    },
    {
      "x": 5,
      "y": 7,
      "width": 2,
      "height": 4
    },
    {
      "x": 14,
      "y": 18,
      "width": 4,
      "height": 2
    },
    {
      "x": 21,
      "y": 15,
      "width": 4,
      "height": 2
    },
    {
      "x": 17,
      "y": 22,
      "width": 2,
      "height": 4
    },
    {
      "x": 9,
      "y": 22,
      "width": 4,
      "height": 2
    },
    {
      "x": 23,
      "y": 18,
      "width": 2,
      "height": 4
    },
    {
      "x": 4,
      "y": 17,
      "width": 4,
      "height": 2
    },
    {
      "x": 5,
      "y": 19,
      "width": 4,
      "height": 2
    },
    {
      "x": 14,
      "y": 18,
      "width": 4,
      "height": 2
    },
    {
      "x": 15,
      "y": 7,
      "width": 4,
      "height": 2
    },
    {
      "x": 18,
      "y": 0,
      "width": 2,
      "height": 4
    },
    {
      "x": 3,
      "y": 6,
      "width": 4,
      "height": 2
    },
    {
      "x": 21,
      "y": 17,
      "width": 2,
      "height": 4
    },
    {
      "x": 5,
      "y": 12,
      "width": 2,
      "height": 4
    },
    {
      "x": 8,
      "y": 8,
      "width": 4,
      "height": 2
    },
    {
      "x": 10,
      "y": 9,
      "width": 2,
      "height": 4
    },
    {
      "x": 19,
      "y": 19,
      "width": 2,
      "height": 4
    },
    {
      "x": 11,
      "y": 21,
      "width": 2,
      "height": 4
    },
    {
      "x": 24,
      "y": 21,
      "width": 4,
      "height": 2
    },
    {
      "x": 24,
      "y": 22,
      "width": 2,
      "height": 4
    },
    {
      "x": 20,
      "y": 12,
      "width": 4,
      "height": 2
    },
    {
      "x": 27,
      "y": 15,
      "width": 2,
      "height": 4
    },
    {
      "x": 5,
      "y": 6,
      "width": 2,
      "height": 4
    },
    {
      "x": 15,
      "y": 5,
      "width": 4,
      "height": 2
    },
    {
      "x": 27,
      "y": 16,
      "width": 4,
      "height": 2
    },
    {
      "x": 2,
      "y": 9,
      "width": 2,
      "height": 4
    },
    {
      "x": 18,
      "y": 17,
      "width": 4,
      "height": 2
    },
    {
      "x": 22,
      "y": 2,
      "width": 4,
      "height": 2
    },
    {
      "x": 3,
      "y": 11,
      "width": 4,
      "height": 2
    },
    {
      "x": 18,
      "y": 4,
      "width": 2,
      "height": 4
    },
    {
      "x": 27,
      "y": 14,
      "width": 2,
      "height": 4
    },
    {
      "x": 13,
      "y": 1,
      "width": 2,
      "height": 4
    },
    {
      "x": 29,
      "y": 21,
      "width": 2,
      "height": 4
    },
    {
      "x": 12,
      "y": 20,
      "width": 2,
      "height": 4
    },
    {
      "x": 14,
      "y": 16,
      "width": 4,
      "height": 2
    },
    {
      "x": 22,
      "y": 12,
      "width": 4,
      "height": 2
    },
    {
      "x": 27,
      "y": 18,
      "width": 4,
      "height": 2
    },
    {
      "x": 27,
      "y": 14,
      "width": 4,
      "height": 2
    },
    {
      "x": 1,
      "y": 23,
      "width": 4,
      "height": 2
    },
    {
      "x": 20,
      "y": 22,
      "width": 4,
      "height": 2
    },
    {
      "x": 13,
      "y": 12,
      "width": 4,
      "height": 2
    },
    {
      "x": 26,
      "y": 22,
      "width": 2,
      "height": 4
    },
    {
      "x": 26,
      "y": 9,
      "width": 4,
      "height": 2
    },
    {
      "x": 15,
      "y": 5,
      "width": 2,
      "height": 4
    },
    {
      "x": 24,
      "y": 8,
      "width": 2,
      "height": 4
    }
  ]
}